******************************************************************************
             TMS320C2000 Linker PC v22.6.1                     
******************************************************************************
>> Linked Wed May 29 11:20:37 2024

OUTPUT FILE NAME:   <AutomotiveCard.out>
ENTRY POINT SYMBOL: "code_start"  address: 00000000


MEMORY CONFIGURATION

         name            origin    length      used     unused   attr    fill
----------------------  --------  ---------  --------  --------  ----  --------
PAGE 0:
  BEGIN                 00000000   00000002  00000002  00000000  RWIX
  RAMM0                 00000050   000003b0  00000086  0000032a  RWIX
  RAML0L1               00008000   00000c00  00000882  0000037e  RWIX
  IQTABLES              003fe000   00000b50  00000000  00000b50  RWIX
  IQTABLES2             003feb50   0000008c  00000000  0000008c  RWIX
  IQTABLES3             003febdc   000000aa  00000000  000000aa  RWIX
  BOOTROM               003ff27c   00000d44  00000000  00000d44  RWIX
  RESET                 003fffc0   00000002  00000000  00000002  RWIX

PAGE 1:
  BOOT_RSVD             00000002   0000004e  00000000  0000004e  RWIX
  RAMM1                 00000480   00000380  00000200  00000180  RWIX
  DEV_EMU               00000880   00000105  00000004  00000101  RWIX
  SYS_PWR_CTL           00000985   00000003  00000003  00000000  RWIX
  FLASH_REGS            00000a80   00000060  00000008  00000058  RWIX
  CSM                   00000ae0   00000010  00000010  00000000  RWIX
  ADC_RESULT            00000b00   00000020  00000020  00000000  RWIX
  CPU_TIMER0            00000c00   00000008  00000008  00000000  RWIX
  CPU_TIMER1            00000c08   00000008  00000008  00000000  RWIX
  CPU_TIMER2            00000c10   00000008  00000008  00000000  RWIX
  PIE_CTRL              00000ce0   00000020  0000001a  00000006  RWIX
  PIE_VECT              00000d00   00000100  00000100  00000000  RWIX
  CLA1                  00001400   00000080  00000040  00000040  RWIX
  ECANA                 00006000   00000040  00000034  0000000c  RWIX
  ECANA_LAM             00006040   00000040  00000040  00000000  RWIX
  ECANA_MOTS            00006080   00000040  00000040  00000000  RWIX
  ECANA_MOTO            000060c0   00000040  00000040  00000000  RWIX
  ECANA_MBOX            00006100   00000100  00000100  00000000  RWIX
  COMP1                 00006400   00000020  00000014  0000000c  RWIX
  COMP2                 00006420   00000020  00000014  0000000c  RWIX
  COMP3                 00006440   00000020  00000014  0000000c  RWIX
  EPWM1                 00006800   00000040  00000040  00000000  RWIX
  EPWM2                 00006840   00000040  00000040  00000000  RWIX
  EPWM3                 00006880   00000040  00000040  00000000  RWIX
  EPWM4                 000068c0   00000040  00000040  00000000  RWIX
  EPWM5                 00006900   00000040  00000040  00000000  RWIX
  EPWM6                 00006940   00000040  00000040  00000000  RWIX
  EPWM7                 00006980   00000040  00000040  00000000  RWIX
  ECAP1                 00006a00   00000020  00000020  00000000  RWIX
  HRCAP1                00006ac0   00000020  00000020  00000000  RWIX
  HRCAP2                00006ae0   00000020  00000020  00000000  RWIX
  EQEP1                 00006b00   00000040  00000040  00000000  RWIX
  LINA                  00006c00   00000080  0000004a  00000036  RWIX
  GPIOCTRL              00006f80   00000040  00000040  00000000  RWIX
  GPIODAT               00006fc0   00000020  00000020  00000000  RWIX
  GPIOINT               00006fe0   00000020  0000000c  00000014  RWIX
  SYSTEM                00007010   00000020  00000020  00000000  RWIX
  SPIA                  00007040   00000010  00000010  00000000  RWIX
  SCIA                  00007050   00000010  00000010  00000000  RWIX
  NMIINTRUPT            00007060   00000010  00000010  00000000  RWIX
  XINTRUPT              00007070   00000010  00000010  00000000  RWIX
  ADC                   00007100   00000080  00000050  00000030  RWIX
  SPIB                  00007740   00000010  00000010  00000000  RWIX
  I2CA                  00007900   00000040  00000022  0000001e  RWIX
  RAML2                 00008c00   00000400  00000170  00000290  RWIX
  PARTID                003d7e80   00000001  00000001  00000000  RWIX
  CSM_PWL               003f7ff8   00000008  00000008  00000000  RWIX


SECTION ALLOCATION MAP

 output                                  attributes/
section   page    origin      length       input sections
--------  ----  ----------  ----------   ----------------
codestart 
*          0    00000000    00000002     
                  00000000    00000002     DSP2803x_CodeStartBranch.obj (codestart)

.cinit     0    00000050    00000082     
                  00000050    00000034     gpio.obj (.cinit)
                  00000084    00000034     main.obj (.cinit)
                  000000b8    0000000e     rts2800_ml.lib : exit.c.obj (.cinit)
                  000000c6    00000005                    : _lock.c.obj (.cinit:__lock)
                  000000cb    00000005                    : _lock.c.obj (.cinit:__unlock)
                  000000d0    00000002     --HOLE-- [fill = 0]

.text      0    00008000    00000882     
                  00008000    0000017c     DSP2803x_DefaultIsr.obj (.text:retain)
                  0000817c    00000148     DSP2803x_SysCtrl.obj (.text)
                  000082c4    000000c9     timer.obj (.text)
                  0000838d    000000bb     gpio.obj (.text)
                  00008448    000000a4     can.obj (.text)
                  000084ec    00000087     i2c.obj (.text)
                  00008573    0000006b     i2c.obj (.text:retain)
                  000085de    0000005a     rts2800_ml.lib : fs_mpy28.asm.obj (.text)
                  00008638    00000054                    : boot28.asm.obj (.text)
                  0000868c    0000004f     external_interrupt.obj (.text)
                  000086db    00000029     rts2800_ml.lib : exit.c.obj (.text)
                  00008704    00000029                    : fs_tol28.asm.obj (.text)
                  0000872d    00000028     DSP2803x_PieCtrl.obj (.text)
                  00008755    00000026     DSP2803x_PieVect.obj (.text)
                  0000877b    00000026     main.obj (.text)
                  000087a1    00000024     external_interrupt.obj (.text:retain)
                  000087c5    00000024     rts2800_ml.lib : cpy_tbl.c.obj (.text)
                  000087e9    00000022     timer.obj (.text:retain)
                  0000880b    0000001d     rts2800_ml.lib : memcpy.c.obj (.text)
                  00008828    0000001b     f2803x_pinmux.obj (.text)
                  00008843    0000001a     DSP2803x_Sci.obj (.text)
                  0000885d    00000011     rts2800_ml.lib : args_main.c.obj (.text)
                  0000886e    00000009                    : _lock.c.obj (.text)
                  00008877    00000008     DSP2803x_CodeStartBranch.obj (.text)
                  0000887f    00000002     rts2800_ml.lib : pre_init.c.obj (.text)
                  00008881    00000001                    : startup.c.obj (.text)

.pinit     0    00000050    00000000     UNINITIALIZED

.reset     0    003fffc0    00000002     DSECT
                  003fffc0    00000002     rts2800_ml.lib : boot28.asm.obj (.reset)

.stack     1    00000480    00000200     UNINITIALIZED
                  00000480    00000200     --HOLE--

.econst    1    00008c00    00000100     
                  00008c00    00000100     DSP2803x_PieVect.obj (.econst:_PieVectTableInit)

.ebss      1    00008d00    00000070     UNINITIALIZED
                  00008d00    0000002a     main.obj (.ebss)
                  00008d2a    00000016     i2c.obj (.ebss)
                  00008d40    00000018     timer.obj (.ebss)
                  00008d58    0000000d     gpio.obj (.ebss)
                  00008d65    00000001     --HOLE--
                  00008d66    00000006     rts2800_ml.lib : exit.c.obj (.ebss)
                  00008d6c    00000002                    : _lock.c.obj (.ebss:__lock)
                  00008d6e    00000002                    : _lock.c.obj (.ebss:__unlock)

DevEmuRegsFile 
*          1    00000880    00000004     UNINITIALIZED
                  00000880    00000004     DSP2803x_GlobalVariableDefs.obj (DevEmuRegsFile)

SysPwrCtrlRegsFile 
*          1    00000985    00000003     UNINITIALIZED
                  00000985    00000003     DSP2803x_GlobalVariableDefs.obj (SysPwrCtrlRegsFile)

FlashRegsFile 
*          1    00000a80    00000008     UNINITIALIZED
                  00000a80    00000008     DSP2803x_GlobalVariableDefs.obj (FlashRegsFile)

CsmRegsFile 
*          1    00000ae0    00000010     UNINITIALIZED
                  00000ae0    00000010     DSP2803x_GlobalVariableDefs.obj (CsmRegsFile)

AdcResultFile 
*          1    00000b00    00000020     UNINITIALIZED
                  00000b00    00000020     DSP2803x_GlobalVariableDefs.obj (AdcResultFile)

CpuTimer0RegsFile 
*          1    00000c00    00000008     UNINITIALIZED
                  00000c00    00000008     DSP2803x_GlobalVariableDefs.obj (CpuTimer0RegsFile)

CpuTimer1RegsFile 
*          1    00000c08    00000008     UNINITIALIZED
                  00000c08    00000008     DSP2803x_GlobalVariableDefs.obj (CpuTimer1RegsFile)

CpuTimer2RegsFile 
*          1    00000c10    00000008     UNINITIALIZED
                  00000c10    00000008     DSP2803x_GlobalVariableDefs.obj (CpuTimer2RegsFile)

PieCtrlRegsFile 
*          1    00000ce0    0000001a     UNINITIALIZED
                  00000ce0    0000001a     DSP2803x_GlobalVariableDefs.obj (PieCtrlRegsFile)

PieVectTableFile 
*          1    00000d00    00000100     UNINITIALIZED
                  00000d00    00000100     DSP2803x_GlobalVariableDefs.obj (PieVectTableFile)

EmuKeyVar 
*          1    00000d00    00000001     UNINITIALIZED
                  00000d00    00000001     DSP2803x_GlobalVariableDefs.obj (EmuKeyVar)

EmuBModeVar 
*          1    00000d01    00000001     UNINITIALIZED
                  00000d01    00000001     DSP2803x_GlobalVariableDefs.obj (EmuBModeVar)

FlashCallbackVar 
*          1    00000d02    00000002     UNINITIALIZED
                  00000d02    00000002     DSP2803x_GlobalVariableDefs.obj (FlashCallbackVar)

FlashScalingVar 
*          1    00000d04    00000002     UNINITIALIZED
                  00000d04    00000002     DSP2803x_GlobalVariableDefs.obj (FlashScalingVar)

Cla1RegsFile 
*          1    00001400    00000040     UNINITIALIZED
                  00001400    00000040     DSP2803x_GlobalVariableDefs.obj (Cla1RegsFile)

ECanaRegsFile 
*          1    00006000    00000034     UNINITIALIZED
                  00006000    00000034     DSP2803x_GlobalVariableDefs.obj (ECanaRegsFile)

ECanaLAMRegsFile 
*          1    00006040    00000040     UNINITIALIZED
                  00006040    00000040     DSP2803x_GlobalVariableDefs.obj (ECanaLAMRegsFile)

ECanaMOTSRegsFile 
*          1    00006080    00000040     UNINITIALIZED
                  00006080    00000040     DSP2803x_GlobalVariableDefs.obj (ECanaMOTSRegsFile)

ECanaMOTORegsFile 
*          1    000060c0    00000040     UNINITIALIZED
                  000060c0    00000040     DSP2803x_GlobalVariableDefs.obj (ECanaMOTORegsFile)

ECanaMboxesFile 
*          1    00006100    00000100     UNINITIALIZED
                  00006100    00000100     DSP2803x_GlobalVariableDefs.obj (ECanaMboxesFile)

Comp1RegsFile 
*          1    00006400    00000014     UNINITIALIZED
                  00006400    00000014     DSP2803x_GlobalVariableDefs.obj (Comp1RegsFile)

Comp2RegsFile 
*          1    00006420    00000014     UNINITIALIZED
                  00006420    00000014     DSP2803x_GlobalVariableDefs.obj (Comp2RegsFile)

Comp3RegsFile 
*          1    00006440    00000014     UNINITIALIZED
                  00006440    00000014     DSP2803x_GlobalVariableDefs.obj (Comp3RegsFile)

EPwm1RegsFile 
*          1    00006800    00000040     UNINITIALIZED
                  00006800    00000040     DSP2803x_GlobalVariableDefs.obj (EPwm1RegsFile)

EPwm2RegsFile 
*          1    00006840    00000040     UNINITIALIZED
                  00006840    00000040     DSP2803x_GlobalVariableDefs.obj (EPwm2RegsFile)

EPwm3RegsFile 
*          1    00006880    00000040     UNINITIALIZED
                  00006880    00000040     DSP2803x_GlobalVariableDefs.obj (EPwm3RegsFile)

EPwm4RegsFile 
*          1    000068c0    00000040     UNINITIALIZED
                  000068c0    00000040     DSP2803x_GlobalVariableDefs.obj (EPwm4RegsFile)

EPwm5RegsFile 
*          1    00006900    00000040     UNINITIALIZED
                  00006900    00000040     DSP2803x_GlobalVariableDefs.obj (EPwm5RegsFile)

EPwm6RegsFile 
*          1    00006940    00000040     UNINITIALIZED
                  00006940    00000040     DSP2803x_GlobalVariableDefs.obj (EPwm6RegsFile)

EPwm7RegsFile 
*          1    00006980    00000040     UNINITIALIZED
                  00006980    00000040     DSP2803x_GlobalVariableDefs.obj (EPwm7RegsFile)

ECap1RegsFile 
*          1    00006a00    00000020     UNINITIALIZED
                  00006a00    00000020     DSP2803x_GlobalVariableDefs.obj (ECap1RegsFile)

HRCap1RegsFile 
*          1    00006ac0    00000020     UNINITIALIZED
                  00006ac0    00000020     DSP2803x_GlobalVariableDefs.obj (HRCap1RegsFile)

HRCap2RegsFile 
*          1    00006ae0    00000020     UNINITIALIZED
                  00006ae0    00000020     DSP2803x_GlobalVariableDefs.obj (HRCap2RegsFile)

EQep1RegsFile 
*          1    00006b00    00000040     UNINITIALIZED
                  00006b00    00000040     DSP2803x_GlobalVariableDefs.obj (EQep1RegsFile)

LinaRegsFile 
*          1    00006c00    0000004a     UNINITIALIZED
                  00006c00    0000004a     DSP2803x_GlobalVariableDefs.obj (LinaRegsFile)

GpioCtrlRegsFile 
*          1    00006f80    00000040     UNINITIALIZED
                  00006f80    00000040     DSP2803x_GlobalVariableDefs.obj (GpioCtrlRegsFile)

GpioDataRegsFile 
*          1    00006fc0    00000020     UNINITIALIZED
                  00006fc0    00000020     DSP2803x_GlobalVariableDefs.obj (GpioDataRegsFile)

GpioIntRegsFile 
*          1    00006fe0    0000000c     UNINITIALIZED
                  00006fe0    0000000c     DSP2803x_GlobalVariableDefs.obj (GpioIntRegsFile)

SysCtrlRegsFile 
*          1    00007010    00000020     UNINITIALIZED
                  00007010    00000020     DSP2803x_GlobalVariableDefs.obj (SysCtrlRegsFile)

SpiaRegsFile 
*          1    00007040    00000010     UNINITIALIZED
                  00007040    00000010     DSP2803x_GlobalVariableDefs.obj (SpiaRegsFile)

SciaRegsFile 
*          1    00007050    00000010     UNINITIALIZED
                  00007050    00000010     DSP2803x_GlobalVariableDefs.obj (SciaRegsFile)

NmiIntruptRegsFile 
*          1    00007060    00000010     UNINITIALIZED
                  00007060    00000010     DSP2803x_GlobalVariableDefs.obj (NmiIntruptRegsFile)

XIntruptRegsFile 
*          1    00007070    00000010     UNINITIALIZED
                  00007070    00000010     DSP2803x_GlobalVariableDefs.obj (XIntruptRegsFile)

AdcRegsFile 
*          1    00007100    00000050     UNINITIALIZED
                  00007100    00000050     DSP2803x_GlobalVariableDefs.obj (AdcRegsFile)

SpibRegsFile 
*          1    00007740    00000010     UNINITIALIZED
                  00007740    00000010     DSP2803x_GlobalVariableDefs.obj (SpibRegsFile)

I2caRegsFile 
*          1    00007900    00000022     UNINITIALIZED
                  00007900    00000022     DSP2803x_GlobalVariableDefs.obj (I2caRegsFile)

PartIdRegsFile 
*          1    003d7e80    00000001     UNINITIALIZED
                  003d7e80    00000001     DSP2803x_GlobalVariableDefs.obj (PartIdRegsFile)

CsmPwlFile 
*          1    003f7ff8    00000008     UNINITIALIZED
                  003f7ff8    00000008     DSP2803x_GlobalVariableDefs.obj (CsmPwlFile)

ramfuncs   0    000000d2    00000004     
                  000000d2    00000004     DSP2803x_usDelay.obj (ramfuncs)

MODULE SUMMARY

       Module                            code   initialized data   uninitialized data
       ------                            ----   ----------------   ------------------
    .\src\
       main.obj                          38     52                 42                
    +--+---------------------------------+------+------------------+--------------------+
       Total:                            38     52                 42                
                                                                                     
    .\src\device\
       DSP2803x_GlobalVariableDefs.obj   0      0                  2024              
       DSP2803x_DefaultIsr.obj           380    0                  0                 
       DSP2803x_SysCtrl.obj              328    0                  0                 
       DSP2803x_PieVect.obj              38     256                0                 
       i2c.obj                           242    0                  22                
       timer.obj                         235    0                  24                
       gpio.obj                          187    52                 13                
       can.obj                           164    0                  0                 
       external_interrupt.obj            115    0                  0                 
       DSP2803x_PieCtrl.obj              40     0                  0                 
       DSP2803x_Sci.obj                  26     0                  0                 
       DSP2803x_CodeStartBranch.obj      10     0                  0                 
       DSP2803x_usDelay.obj              4      0                  0                 
    +--+---------------------------------+------+------------------+--------------------+
       Total:                            1769   308                2083              
                                                                                     
    .\syscfg\
       f2803x_pinmux.obj                 27     0                  0                 
    +--+---------------------------------+------+------------------+--------------------+
       Total:                            27     0                  0                 
                                                                                     
    C:/ti/ccs/ccs/tools/compiler/ti-cgt-c2000_22.6.1.LTS/lib/rts2800_ml.lib
       fs_mpy28.asm.obj                  90     0                  0                 
       boot28.asm.obj                    84     0                  0                 
       exit.c.obj                        41     14                 6                 
       fs_tol28.asm.obj                  41     0                  0                 
       cpy_tbl.c.obj                     36     0                  0                 
       memcpy.c.obj                      29     0                  0                 
       _lock.c.obj                       9      10                 4                 
       args_main.c.obj                   17     0                  0                 
       pre_init.c.obj                    2      0                  0                 
       startup.c.obj                     1      0                  0                 
    +--+---------------------------------+------+------------------+--------------------+
       Total:                            350    24                 10                
                                                                                     
       Stack:                            0      0                  512               
    +--+---------------------------------+------+------------------+--------------------+
       Grand Total:                      2184   384                2647              


GLOBAL DATA SYMBOLS: SORTED BY DATA PAGE

address     data page           name
--------    ----------------    ----
00000480      12 (00000480)     __stack

00000880      22 (00000880)     _DevEmuRegs

00000985      26 (00000980)     _SysPwrCtrlRegs

00000a80      2a (00000a80)     _FlashRegs

00000ae0      2b (00000ac0)     _CsmRegs

00000b00      2c (00000b00)     _AdcResult

00000c00      30 (00000c00)     _CpuTimer0Regs
00000c08      30 (00000c00)     _CpuTimer1Regs
00000c10      30 (00000c00)     _CpuTimer2Regs

00000ce0      33 (00000cc0)     _PieCtrlRegs

00000d00      34 (00000d00)     _EmuKey
00000d00      34 (00000d00)     _PieVectTable
00000d01      34 (00000d00)     _EmuBMode
00000d02      34 (00000d00)     _Flash_CallbackPtr
00000d04      34 (00000d00)     _Flash_CPUScaleFactor

00001400      50 (00001400)     _Cla1Regs

00006000     180 (00006000)     _ECanaRegs

00006040     181 (00006040)     _ECanaLAMRegs

00006080     182 (00006080)     _ECanaMOTSRegs

000060c0     183 (000060c0)     _ECanaMOTORegs

00006100     184 (00006100)     _ECanaMboxes

00006400     190 (00006400)     _Comp1Regs
00006420     190 (00006400)     _Comp2Regs

00006440     191 (00006440)     _Comp3Regs

00006800     1a0 (00006800)     _EPwm1Regs

00006840     1a1 (00006840)     _EPwm2Regs

00006880     1a2 (00006880)     _EPwm3Regs

000068c0     1a3 (000068c0)     _EPwm4Regs

00006900     1a4 (00006900)     _EPwm5Regs

00006940     1a5 (00006940)     _EPwm6Regs

00006980     1a6 (00006980)     _EPwm7Regs

00006a00     1a8 (00006a00)     _ECap1Regs

00006ac0     1ab (00006ac0)     _HRCap1Regs
00006ae0     1ab (00006ac0)     _HRCap2Regs

00006b00     1ac (00006b00)     _EQep1Regs

00006c00     1b0 (00006c00)     _LinaRegs

00006f80     1be (00006f80)     _GpioCtrlRegs

00006fc0     1bf (00006fc0)     _GpioDataRegs
00006fe0     1bf (00006fc0)     _GpioIntRegs

00007010     1c0 (00007000)     _SysCtrlRegs

00007040     1c1 (00007040)     _SpiaRegs
00007050     1c1 (00007040)     _SciaRegs
00007060     1c1 (00007040)     _NmiIntruptRegs
00007070     1c1 (00007040)     _XIntruptRegs

00007100     1c4 (00007100)     _AdcRegs

00007740     1dd (00007740)     _SpibRegs

00007900     1e4 (00007900)     _I2caRegs

00008c00     230 (00008c00)     _PieVectTableInit

00008d12     234 (00008d00)     _LoopCount
00008d14     234 (00008d00)     _set_plus_cnt
00008d16     234 (00008d00)     _set_minus_cnt
00008d2a     234 (00008d00)     _PassCount
00008d2b     234 (00008d00)     _FailCount
00008d2c     234 (00008d00)     _CurrentMsgPtr
00008d2e     234 (00008d00)     _I2cMsgIn1
00008d37     234 (00008d00)     _I2cMsgOut1

00008d40     235 (00008d40)     _CpuTimer0
00008d48     235 (00008d40)     _CpuTimer1
00008d50     235 (00008d40)     _CpuTimer2
00008d58     235 (00008d40)     _TruckSelect
00008d59     235 (00008d40)     _PTOMode
00008d5a     235 (00008d40)     _RPMMode
00008d5b     235 (00008d40)     _SpeedMode
00008d5c     235 (00008d40)     _IsCANBaudSelect
00008d5d     235 (00008d40)     _IsEmergency
00008d5e     235 (00008d40)     _IsSetPlus
00008d5f     235 (00008d40)     _IsSetMinus
00008d60     235 (00008d40)     _IsMotorStart
00008d61     235 (00008d40)     _IsMotorStop
00008d62     235 (00008d40)     _IsOpt1
00008d63     235 (00008d40)     _IsOpt2
00008d64     235 (00008d40)     _IsOpt3
00008d66     235 (00008d40)     ___TI_enable_exit_profile_output
00008d68     235 (00008d40)     ___TI_cleanup_ptr
00008d6a     235 (00008d40)     ___TI_dtors_ptr
00008d6c     235 (00008d40)     __lock
00008d6e     235 (00008d40)     __unlock

003d7e80    f5fa (003d7e80)     _PartIdRegs

003f7ff8    fdff (003f7fc0)     _CsmPwl


GLOBAL SYMBOLS: SORTED ALPHABETICALLY BY Name 

page  address   name                            
----  -------   ----                            
0     00008000  .text                           
0     000086db  C$$EXIT                         
0     000085de  FS$$MPY                         
0     00008704  FS$$TOL                         
0     0000805f  _ADCINT1_ISR                    
0     00008064  _ADCINT2_ISR                    
0     00008118  _ADCINT3_ISR                    
0     0000811d  _ADCINT4_ISR                    
0     00008122  _ADCINT5_ISR                    
0     00008127  _ADCINT6_ISR                    
0     0000812c  _ADCINT7_ISR                    
0     00008131  _ADCINT8_ISR                    
0     00008073  _ADCINT9_ISR                    
1     00007100  _AdcRegs                        
1     00000b00  _AdcResult                      
0     00008136  _CLA1_INT1_ISR                  
0     0000813b  _CLA1_INT2_ISR                  
0     00008140  _CLA1_INT3_ISR                  
0     00008145  _CLA1_INT4_ISR                  
0     0000814a  _CLA1_INT5_ISR                  
0     0000814f  _CLA1_INT6_ISR                  
0     00008154  _CLA1_INT7_ISR                  
0     00008159  _CLA1_INT8_ISR                  
1     00001400  _Cla1Regs                       
1     00006400  _Comp1Regs                      
1     00006420  _Comp2Regs                      
1     00006440  _Comp3Regs                      
0     00008309  _ConfigCpuTimer                 
1     00008d40  _CpuTimer0                      
1     00000c00  _CpuTimer0Regs                  
1     00008d48  _CpuTimer1                      
1     00000c08  _CpuTimer1Regs                  
1     00008d50  _CpuTimer2                      
1     00000c10  _CpuTimer2Regs                  
1     003f7ff8  _CsmPwl                         
1     00000ae0  _CsmRegs                        
0     00008238  _CsmUnlock                      
1     00008d2c  _CurrentMsgPtr                  
0     0000800a  _DATALOG_ISR                    
0     000000d2  _DSP28x_usDelay                 
1     00000880  _DevEmuRegs                     
0     000081a0  _DisableDog                     
0     0000810e  _ECAN0INTA_ISR                  
0     00008113  _ECAN1INTA_ISR                  
0     000080c8  _ECAP1_INT_ISR                  
1     00006040  _ECanaLAMRegs                   
1     000060c0  _ECanaMOTORegs                  
1     00006080  _ECanaMOTSRegs                  
1     00006100  _ECanaMboxes                    
1     00006000  _ECanaRegs                      
1     00006a00  _ECap1Regs                      
0     0000816d  _EMPTY_ISR                      
0     00008014  _EMUINT_ISR                     
0     000080a5  _EPWM1_INT_ISR                  
0     00008082  _EPWM1_TZINT_ISR                
0     000080aa  _EPWM2_INT_ISR                  
0     00008087  _EPWM2_TZINT_ISR                
0     000080af  _EPWM3_INT_ISR                  
0     0000808c  _EPWM3_TZINT_ISR                
0     000080b4  _EPWM4_INT_ISR                  
0     00008091  _EPWM4_TZINT_ISR                
0     000080b9  _EPWM5_INT_ISR                  
0     00008096  _EPWM5_TZINT_ISR                
0     000080be  _EPWM6_INT_ISR                  
0     0000809b  _EPWM6_TZINT_ISR                
0     000080c3  _EPWM7_INT_ISR                  
0     000080a0  _EPWM7_TZINT_ISR                
1     00006800  _EPwm1Regs                      
1     00006840  _EPwm2Regs                      
1     00006880  _EPwm3Regs                      
1     000068c0  _EPwm4Regs                      
1     00006900  _EPwm5Regs                      
1     00006940  _EPwm6Regs                      
1     00006980  _EPwm7Regs                      
0     000080d7  _EQEP1_INT_ISR                  
1     00006b00  _EQep1Regs                      
1     00000d01  _EmuBMode                       
1     00000d00  _EmuKey                         
0     0000874c  _EnableInterrupts               
0     000082ae  _ExtOscSel                      
1     00008d2b  _FailCount                      
1     00000a80  _FlashRegs                      
1     00000d04  _Flash_CPUScaleFactor           
1     00000d02  _Flash_CallbackPtr              
0     00008828  _GPIO_setPinMuxConfig           
1     00006f80  _GpioCtrlRegs                   
1     00006fc0  _GpioDataRegs                   
1     00006fe0  _GpioIntRegs                    
0     000080cd  _HRCAP1_INT_ISR                 
0     000080d2  _HRCAP2_INT_ISR                 
1     00006ac0  _HRCap1Regs                     
1     00006ae0  _HRCap2Regs                     
0     0000843c  _HandleGPIOs                    
0     00008515  _I2CA_Init                      
0     00008550  _I2CA_ReadData                  
0     00008528  _I2CA_WriteData                 
0     000080f0  _I2CINT1A_ISR                   
0     000080f5  _I2CINT2A_ISR                   
0     00008572  _I2C_Fail                       
0     00008571  _I2C_Pass                       
1     00008d2e  _I2cMsgIn1                      
1     00008d37  _I2cMsgOut1                     
1     00007900  _I2caRegs                       
0     0000801e  _ILLEGAL_ISR                    
0     00008000  _INT13_ISR                      
0     00008005  _INT14_ISR                      
0     00008448  _InitCANA                       
0     000082c4  _InitCpuTimers                  
n/a   UNDEFED   _InitECan                       
0     000084d3  _InitECanGpio                   
0     000084d6  _InitECanaGpio                  
0     0000838d  _InitGpio                       
0     000084ec  _InitI2C                        
0     000084ef  _InitI2CGpio                    
0     0000879a  _InitInterrupts                 
0     000081fc  _InitPeripheralClocks           
0     0000872d  _InitPieCtrl                    
0     00008755  _InitPieVectTable               
0     000081a8  _InitPll                        
0     00008843  _InitSci                        
0     00008844  _InitSciGpio                    
0     00008847  _InitSciaGpio                   
0     0000817c  _InitSysCtrl                    
0     00008269  _IntOsc1Sel                     
0     00008279  _IntOsc2Sel                     
1     00008d5c  _IsCANBaudSelect                
1     00008d5d  _IsEmergency                    
1     00008d60  _IsMotorStart                   
1     00008d61  _IsMotorStop                    
1     00008d62  _IsOpt1                         
1     00008d63  _IsOpt2                         
1     00008d64  _IsOpt3                         
1     00008d5f  _IsSetMinus                     
1     00008d5e  _IsSetPlus                      
0     00008104  _LIN0INTA_ISR                   
0     00008109  _LIN1INTA_ISR                   
0     00008168  _LUF_ISR                        
0     00008163  _LVF_ISR                        
1     00006c00  _LinaRegs                       
1     00008d12  _LoopCount                      
0     00008019  _NMI_ISR                        
1     00007060  _NmiIntruptRegs                 
0     00008172  _PIE_RESERVED                   
1     00008d59  _PTOMode                        
1     003d7e80  _PartIdRegs                     
1     00008d2a  _PassCount                      
1     00000ce0  _PieCtrlRegs                    
1     00000d00  _PieVectTable                   
1     00008c00  _PieVectTableInit               
1     00008d5a  _RPMMode                        
0     0000800f  _RTOSINT_ISR                    
0     000083c0  _ReadGPIO                       
0     000080fa  _SCIRXINTA_ISR                  
0     000080ff  _SCITXINTA_ISR                  
0     000080dc  _SPIRXINTA_ISR                  
0     000080e6  _SPIRXINTB_ISR                  
0     000080e1  _SPITXINTA_ISR                  
0     000080eb  _SPITXINTB_ISR                  
1     00007050  _SciaRegs                       
0     00008196  _ServiceDog                     
1     00008d5b  _SpeedMode                      
1     00007040  _SpiaRegs                       
1     00007740  _SpibRegs                       
1     00007010  _SysCtrlRegs                    
1     00000985  _SysPwrCtrlRegs                 
0     00008078  _TINT0_ISR                      
1     00008d58  _TruckSelect                    
0     00008050  _USER10_ISR                     
0     00008055  _USER11_ISR                     
0     0000805a  _USER12_ISR                     
0     00008023  _USER1_ISR                      
0     00008028  _USER2_ISR                      
0     0000802d  _USER3_ISR                      
0     00008032  _USER4_ISR                      
0     00008037  _USER5_ISR                      
0     0000803c  _USER6_ISR                      
0     00008041  _USER7_ISR                      
0     00008046  _USER8_ISR                      
0     0000804b  _USER9_ISR                      
0     0000807d  _WAKEINT_ISR                    
0     00008069  _XINT1_ISR                      
0     0000806e  _XINT2_ISR                      
0     0000815e  _XINT3_ISR                      
1     00007070  _XIntruptRegs                   
0     00008293  _XtalOscSel                     
1     00000680  __STACK_END                     
abs   00000200  __STACK_SIZE                    
1     00008d68  ___TI_cleanup_ptr               
1     00008d6a  ___TI_dtors_ptr                 
1     00008d66  ___TI_enable_exit_profile_output
abs   ffffffff  ___TI_pprof_out_hndl            
abs   ffffffff  ___TI_prof_data_size            
abs   ffffffff  ___TI_prof_data_start           
abs   ffffffff  ___binit__                      
abs   ffffffff  ___c_args__                     
0     00000050  ___cinit__                      
0     00008882  ___etext__                      
abs   ffffffff  ___pinit__                      
0     00008000  ___text__                       
0     0000885d  __args_main                     
0     0000868c  __initExtInterrupts             
0     00008505  __initI2CInterrupts             
0     0000833b  __initTimerInterrupts           
1     00008d6c  __lock                          
0     00008876  __nop                           
0     00008872  __register_lock                 
0     0000886e  __register_unlock               
1     00000480  __stack                         
0     00008881  __system_post_cinit             
0     0000887f  __system_pre_init               
1     00008d6e  __unlock                        
0     000086db  _abort                          
0     00008638  _c_int00                        
0     000087c5  _copy_in                        
0     000087e9  _cpu_timer0_isr                 
0     000087f7  _cpu_timer1_isr                 
0     00008801  _cpu_timer2_isr                 
0     000086dd  _exit                           
0     00008573  _i2c_int1a_isr                  
0     0000877b  _main                           
0     0000880b  _memcpy                         
0     00008177  _rsvd_ISR                       
1     00008d16  _set_minus_cnt                  
0     000087b3  _set_minus_isr                  
1     00008d14  _set_plus_cnt                   
0     000087a1  _set_plus_isr                   
abs   ffffffff  binit                           
0     00000050  cinit                           
0     00000000  code_start                      
0     00008882  etext                           
abs   ffffffff  pinit                           


GLOBAL SYMBOLS: SORTED BY Symbol Address 

page  address   name                            
----  -------   ----                            
0     00000000  code_start                      
0     00000050  ___cinit__                      
0     00000050  cinit                           
0     000000d2  _DSP28x_usDelay                 
0     00008000  .text                           
0     00008000  _INT13_ISR                      
0     00008000  ___text__                       
0     00008005  _INT14_ISR                      
0     0000800a  _DATALOG_ISR                    
0     0000800f  _RTOSINT_ISR                    
0     00008014  _EMUINT_ISR                     
0     00008019  _NMI_ISR                        
0     0000801e  _ILLEGAL_ISR                    
0     00008023  _USER1_ISR                      
0     00008028  _USER2_ISR                      
0     0000802d  _USER3_ISR                      
0     00008032  _USER4_ISR                      
0     00008037  _USER5_ISR                      
0     0000803c  _USER6_ISR                      
0     00008041  _USER7_ISR                      
0     00008046  _USER8_ISR                      
0     0000804b  _USER9_ISR                      
0     00008050  _USER10_ISR                     
0     00008055  _USER11_ISR                     
0     0000805a  _USER12_ISR                     
0     0000805f  _ADCINT1_ISR                    
0     00008064  _ADCINT2_ISR                    
0     00008069  _XINT1_ISR                      
0     0000806e  _XINT2_ISR                      
0     00008073  _ADCINT9_ISR                    
0     00008078  _TINT0_ISR                      
0     0000807d  _WAKEINT_ISR                    
0     00008082  _EPWM1_TZINT_ISR                
0     00008087  _EPWM2_TZINT_ISR                
0     0000808c  _EPWM3_TZINT_ISR                
0     00008091  _EPWM4_TZINT_ISR                
0     00008096  _EPWM5_TZINT_ISR                
0     0000809b  _EPWM6_TZINT_ISR                
0     000080a0  _EPWM7_TZINT_ISR                
0     000080a5  _EPWM1_INT_ISR                  
0     000080aa  _EPWM2_INT_ISR                  
0     000080af  _EPWM3_INT_ISR                  
0     000080b4  _EPWM4_INT_ISR                  
0     000080b9  _EPWM5_INT_ISR                  
0     000080be  _EPWM6_INT_ISR                  
0     000080c3  _EPWM7_INT_ISR                  
0     000080c8  _ECAP1_INT_ISR                  
0     000080cd  _HRCAP1_INT_ISR                 
0     000080d2  _HRCAP2_INT_ISR                 
0     000080d7  _EQEP1_INT_ISR                  
0     000080dc  _SPIRXINTA_ISR                  
0     000080e1  _SPITXINTA_ISR                  
0     000080e6  _SPIRXINTB_ISR                  
0     000080eb  _SPITXINTB_ISR                  
0     000080f0  _I2CINT1A_ISR                   
0     000080f5  _I2CINT2A_ISR                   
0     000080fa  _SCIRXINTA_ISR                  
0     000080ff  _SCITXINTA_ISR                  
0     00008104  _LIN0INTA_ISR                   
0     00008109  _LIN1INTA_ISR                   
0     0000810e  _ECAN0INTA_ISR                  
0     00008113  _ECAN1INTA_ISR                  
0     00008118  _ADCINT3_ISR                    
0     0000811d  _ADCINT4_ISR                    
0     00008122  _ADCINT5_ISR                    
0     00008127  _ADCINT6_ISR                    
0     0000812c  _ADCINT7_ISR                    
0     00008131  _ADCINT8_ISR                    
0     00008136  _CLA1_INT1_ISR                  
0     0000813b  _CLA1_INT2_ISR                  
0     00008140  _CLA1_INT3_ISR                  
0     00008145  _CLA1_INT4_ISR                  
0     0000814a  _CLA1_INT5_ISR                  
0     0000814f  _CLA1_INT6_ISR                  
0     00008154  _CLA1_INT7_ISR                  
0     00008159  _CLA1_INT8_ISR                  
0     0000815e  _XINT3_ISR                      
0     00008163  _LVF_ISR                        
0     00008168  _LUF_ISR                        
0     0000816d  _EMPTY_ISR                      
0     00008172  _PIE_RESERVED                   
0     00008177  _rsvd_ISR                       
0     0000817c  _InitSysCtrl                    
0     00008196  _ServiceDog                     
0     000081a0  _DisableDog                     
0     000081a8  _InitPll                        
0     000081fc  _InitPeripheralClocks           
0     00008238  _CsmUnlock                      
0     00008269  _IntOsc1Sel                     
0     00008279  _IntOsc2Sel                     
0     00008293  _XtalOscSel                     
0     000082ae  _ExtOscSel                      
0     000082c4  _InitCpuTimers                  
0     00008309  _ConfigCpuTimer                 
0     0000833b  __initTimerInterrupts           
0     0000838d  _InitGpio                       
0     000083c0  _ReadGPIO                       
0     0000843c  _HandleGPIOs                    
0     00008448  _InitCANA                       
0     000084d3  _InitECanGpio                   
0     000084d6  _InitECanaGpio                  
0     000084ec  _InitI2C                        
0     000084ef  _InitI2CGpio                    
0     00008505  __initI2CInterrupts             
0     00008515  _I2CA_Init                      
0     00008528  _I2CA_WriteData                 
0     00008550  _I2CA_ReadData                  
0     00008571  _I2C_Pass                       
0     00008572  _I2C_Fail                       
0     00008573  _i2c_int1a_isr                  
0     000085de  FS$$MPY                         
0     00008638  _c_int00                        
0     0000868c  __initExtInterrupts             
0     000086db  C$$EXIT                         
0     000086db  _abort                          
0     000086dd  _exit                           
0     00008704  FS$$TOL                         
0     0000872d  _InitPieCtrl                    
0     0000874c  _EnableInterrupts               
0     00008755  _InitPieVectTable               
0     0000877b  _main                           
0     0000879a  _InitInterrupts                 
0     000087a1  _set_plus_isr                   
0     000087b3  _set_minus_isr                  
0     000087c5  _copy_in                        
0     000087e9  _cpu_timer0_isr                 
0     000087f7  _cpu_timer1_isr                 
0     00008801  _cpu_timer2_isr                 
0     0000880b  _memcpy                         
0     00008828  _GPIO_setPinMuxConfig           
0     00008843  _InitSci                        
0     00008844  _InitSciGpio                    
0     00008847  _InitSciaGpio                   
0     0000885d  __args_main                     
0     0000886e  __register_unlock               
0     00008872  __register_lock                 
0     00008876  __nop                           
0     0000887f  __system_pre_init               
0     00008881  __system_post_cinit             
0     00008882  ___etext__                      
0     00008882  etext                           
1     00000480  __stack                         
1     00000680  __STACK_END                     
1     00000880  _DevEmuRegs                     
1     00000985  _SysPwrCtrlRegs                 
1     00000a80  _FlashRegs                      
1     00000ae0  _CsmRegs                        
1     00000b00  _AdcResult                      
1     00000c00  _CpuTimer0Regs                  
1     00000c08  _CpuTimer1Regs                  
1     00000c10  _CpuTimer2Regs                  
1     00000ce0  _PieCtrlRegs                    
1     00000d00  _EmuKey                         
1     00000d00  _PieVectTable                   
1     00000d01  _EmuBMode                       
1     00000d02  _Flash_CallbackPtr              
1     00000d04  _Flash_CPUScaleFactor           
1     00001400  _Cla1Regs                       
1     00006000  _ECanaRegs                      
1     00006040  _ECanaLAMRegs                   
1     00006080  _ECanaMOTSRegs                  
1     000060c0  _ECanaMOTORegs                  
1     00006100  _ECanaMboxes                    
1     00006400  _Comp1Regs                      
1     00006420  _Comp2Regs                      
1     00006440  _Comp3Regs                      
1     00006800  _EPwm1Regs                      
1     00006840  _EPwm2Regs                      
1     00006880  _EPwm3Regs                      
1     000068c0  _EPwm4Regs                      
1     00006900  _EPwm5Regs                      
1     00006940  _EPwm6Regs                      
1     00006980  _EPwm7Regs                      
1     00006a00  _ECap1Regs                      
1     00006ac0  _HRCap1Regs                     
1     00006ae0  _HRCap2Regs                     
1     00006b00  _EQep1Regs                      
1     00006c00  _LinaRegs                       
1     00006f80  _GpioCtrlRegs                   
1     00006fc0  _GpioDataRegs                   
1     00006fe0  _GpioIntRegs                    
1     00007010  _SysCtrlRegs                    
1     00007040  _SpiaRegs                       
1     00007050  _SciaRegs                       
1     00007060  _NmiIntruptRegs                 
1     00007070  _XIntruptRegs                   
1     00007100  _AdcRegs                        
1     00007740  _SpibRegs                       
1     00007900  _I2caRegs                       
1     00008c00  _PieVectTableInit               
1     00008d12  _LoopCount                      
1     00008d14  _set_plus_cnt                   
1     00008d16  _set_minus_cnt                  
1     00008d2a  _PassCount                      
1     00008d2b  _FailCount                      
1     00008d2c  _CurrentMsgPtr                  
1     00008d2e  _I2cMsgIn1                      
1     00008d37  _I2cMsgOut1                     
1     00008d40  _CpuTimer0                      
1     00008d48  _CpuTimer1                      
1     00008d50  _CpuTimer2                      
1     00008d58  _TruckSelect                    
1     00008d59  _PTOMode                        
1     00008d5a  _RPMMode                        
1     00008d5b  _SpeedMode                      
1     00008d5c  _IsCANBaudSelect                
1     00008d5d  _IsEmergency                    
1     00008d5e  _IsSetPlus                      
1     00008d5f  _IsSetMinus                     
1     00008d60  _IsMotorStart                   
1     00008d61  _IsMotorStop                    
1     00008d62  _IsOpt1                         
1     00008d63  _IsOpt2                         
1     00008d64  _IsOpt3                         
1     00008d66  ___TI_enable_exit_profile_output
1     00008d68  ___TI_cleanup_ptr               
1     00008d6a  ___TI_dtors_ptr                 
1     00008d6c  __lock                          
1     00008d6e  __unlock                        
1     003d7e80  _PartIdRegs                     
1     003f7ff8  _CsmPwl                         
abs   00000200  __STACK_SIZE                    
abs   ffffffff  ___TI_pprof_out_hndl            
abs   ffffffff  ___TI_prof_data_size            
abs   ffffffff  ___TI_prof_data_start           
abs   ffffffff  ___binit__                      
abs   ffffffff  ___c_args__                     
abs   ffffffff  ___pinit__                      
abs   ffffffff  binit                           
abs   ffffffff  pinit                           
n/a   UNDEFED   _InitECan                       

[231 symbols]
