<?xml version="1.0" encoding="ISO-8859-1" ?>
<link_info>
   <banner>TMS320C2000 Linker PC v22.6.1.LTS</banner>
   <copyright>Copyright (c) 1996-2018 Texas Instruments Incorporated</copyright>
   <link_time>0x662d3c68</link_time>
   <link_errors>0x0</link_errors>
   <output_file>AutomotiveCard.out</output_file>
   <entry_point>
      <name>code_start</name>
      <address>0x0</address>
   </entry_point>
   <input_file_list>
      <input_file id="fl-2">
         <path>.\</path>
         <kind>object</kind>
         <file>main.obj</file>
         <name>main.obj</name>
      </input_file>
      <input_file id="fl-3">
         <path>.\syscfg\</path>
         <kind>object</kind>
         <file>f2803x_pinmux.obj</file>
         <name>f2803x_pinmux.obj</name>
      </input_file>
      <input_file id="fl-4">
         <path>.\src\</path>
         <kind>object</kind>
         <file>DSP2803x_Adc.obj</file>
         <name>DSP2803x_Adc.obj</name>
      </input_file>
      <input_file id="fl-5">
         <path>.\src\</path>
         <kind>object</kind>
         <file>DSP2803x_CodeStartBranch.obj</file>
         <name>DSP2803x_CodeStartBranch.obj</name>
      </input_file>
      <input_file id="fl-6">
         <path>.\src\</path>
         <kind>object</kind>
         <file>DSP2803x_CpuTimers.obj</file>
         <name>DSP2803x_CpuTimers.obj</name>
      </input_file>
      <input_file id="fl-7">
         <path>.\src\</path>
         <kind>object</kind>
         <file>DSP2803x_DefaultIsr.obj</file>
         <name>DSP2803x_DefaultIsr.obj</name>
      </input_file>
      <input_file id="fl-8">
         <path>.\src\</path>
         <kind>object</kind>
         <file>DSP2803x_ECan.obj</file>
         <name>DSP2803x_ECan.obj</name>
      </input_file>
      <input_file id="fl-9">
         <path>.\src\</path>
         <kind>object</kind>
         <file>DSP2803x_EQep.obj</file>
         <name>DSP2803x_EQep.obj</name>
      </input_file>
      <input_file id="fl-a">
         <path>.\src\</path>
         <kind>object</kind>
         <file>DSP2803x_GlobalVariableDefs.obj</file>
         <name>DSP2803x_GlobalVariableDefs.obj</name>
      </input_file>
      <input_file id="fl-b">
         <path>.\src\</path>
         <kind>object</kind>
         <file>DSP2803x_Gpio.obj</file>
         <name>DSP2803x_Gpio.obj</name>
      </input_file>
      <input_file id="fl-c">
         <path>.\src\</path>
         <kind>object</kind>
         <file>DSP2803x_I2C.obj</file>
         <name>DSP2803x_I2C.obj</name>
      </input_file>
      <input_file id="fl-d">
         <path>.\src\</path>
         <kind>object</kind>
         <file>DSP2803x_PieCtrl.obj</file>
         <name>DSP2803x_PieCtrl.obj</name>
      </input_file>
      <input_file id="fl-e">
         <path>.\src\</path>
         <kind>object</kind>
         <file>DSP2803x_PieVect.obj</file>
         <name>DSP2803x_PieVect.obj</name>
      </input_file>
      <input_file id="fl-f">
         <path>.\src\</path>
         <kind>object</kind>
         <file>DSP2803x_Sci.obj</file>
         <name>DSP2803x_Sci.obj</name>
      </input_file>
      <input_file id="fl-10">
         <path>.\src\</path>
         <kind>object</kind>
         <file>DSP2803x_SysCtrl.obj</file>
         <name>DSP2803x_SysCtrl.obj</name>
      </input_file>
      <input_file id="fl-11">
         <path>.\src\</path>
         <kind>object</kind>
         <file>DSP2803x_usDelay.obj</file>
         <name>DSP2803x_usDelay.obj</name>
      </input_file>
      <input_file id="fl-17">
         <kind>object</kind>
         <file>&lt;internal&gt;</file>
         <name>&lt;internal&gt;</name>
      </input_file>
      <input_file id="fl-18">
         <path>D:\TI\ccs1270\ccs\tools\compiler\ti-cgt-c2000_22.6.1.LTS\lib\</path>
         <kind>archive</kind>
         <file>rts2800_ml.lib</file>
         <name>boot28.asm.obj</name>
      </input_file>
      <input_file id="fl-19">
         <path>D:\TI\ccs1270\ccs\tools\compiler\ti-cgt-c2000_22.6.1.LTS\lib\</path>
         <kind>archive</kind>
         <file>rts2800_ml.lib</file>
         <name>fs_mpy28.asm.obj</name>
      </input_file>
      <input_file id="fl-1a">
         <path>D:\TI\ccs1270\ccs\tools\compiler\ti-cgt-c2000_22.6.1.LTS\lib\</path>
         <kind>archive</kind>
         <file>rts2800_ml.lib</file>
         <name>fs_tol28.asm.obj</name>
      </input_file>
      <input_file id="fl-1b">
         <path>D:\TI\ccs1270\ccs\tools\compiler\ti-cgt-c2000_22.6.1.LTS\lib\</path>
         <kind>archive</kind>
         <file>rts2800_ml.lib</file>
         <name>cpy_tbl.c.obj</name>
      </input_file>
      <input_file id="fl-1c">
         <path>D:\TI\ccs1270\ccs\tools\compiler\ti-cgt-c2000_22.6.1.LTS\lib\</path>
         <kind>archive</kind>
         <file>rts2800_ml.lib</file>
         <name>memcpy.c.obj</name>
      </input_file>
      <input_file id="fl-1d">
         <path>D:\TI\ccs1270\ccs\tools\compiler\ti-cgt-c2000_22.6.1.LTS\lib\</path>
         <kind>archive</kind>
         <file>rts2800_ml.lib</file>
         <name>pre_init.c.obj</name>
      </input_file>
      <input_file id="fl-1e">
         <path>D:\TI\ccs1270\ccs\tools\compiler\ti-cgt-c2000_22.6.1.LTS\lib\</path>
         <kind>archive</kind>
         <file>rts2800_ml.lib</file>
         <name>startup.c.obj</name>
      </input_file>
      <input_file id="fl-1f">
         <path>D:\TI\ccs1270\ccs\tools\compiler\ti-cgt-c2000_22.6.1.LTS\lib\</path>
         <kind>archive</kind>
         <file>rts2800_ml.lib</file>
         <name>exit.c.obj</name>
      </input_file>
      <input_file id="fl-20">
         <path>D:\TI\ccs1270\ccs\tools\compiler\ti-cgt-c2000_22.6.1.LTS\lib\</path>
         <kind>archive</kind>
         <file>rts2800_ml.lib</file>
         <name>_lock.c.obj</name>
      </input_file>
      <input_file id="fl-21">
         <path>D:\TI\ccs1270\ccs\tools\compiler\ti-cgt-c2000_22.6.1.LTS\lib\</path>
         <kind>archive</kind>
         <file>rts2800_ml.lib</file>
         <name>args_main.c.obj</name>
      </input_file>
   </input_file_list>
   <object_component_list>
      <object_component id="oc-42">
         <name>codestart</name>
         <load_address>0x0</load_address>
         <run_address>0x0</run_address>
         <size>0x2</size>
         <input_file_ref idref="fl-5"/>
      </object_component>
      <object_component id="oc-5e">
         <name>.text:retain</name>
         <load_address>0x8000</load_address>
         <run_address>0x8000</run_address>
         <size>0x17c</size>
         <input_file_ref idref="fl-7"/>
      </object_component>
      <object_component id="oc-101">
         <name>.text</name>
         <load_address>0x817c</load_address>
         <run_address>0x817c</run_address>
         <size>0x148</size>
         <input_file_ref idref="fl-10"/>
      </object_component>
      <object_component id="oc-c9">
         <name>.text</name>
         <load_address>0x82c4</load_address>
         <run_address>0x82c4</run_address>
         <size>0x5a</size>
         <input_file_ref idref="fl-19"/>
      </object_component>
      <object_component id="oc-c2">
         <name>.text</name>
         <load_address>0x831e</load_address>
         <run_address>0x831e</run_address>
         <size>0x54</size>
         <input_file_ref idref="fl-18"/>
      </object_component>
      <object_component id="oc-fc">
         <name>.text</name>
         <load_address>0x8372</load_address>
         <run_address>0x8372</run_address>
         <size>0x29</size>
         <input_file_ref idref="fl-1f"/>
      </object_component>
      <object_component id="oc-ce">
         <name>.text</name>
         <load_address>0x839b</load_address>
         <run_address>0x839b</run_address>
         <size>0x29</size>
         <input_file_ref idref="fl-1a"/>
      </object_component>
      <object_component id="oc-102">
         <name>.text</name>
         <load_address>0x83c4</load_address>
         <run_address>0x83c4</run_address>
         <size>0x28</size>
         <input_file_ref idref="fl-d"/>
      </object_component>
      <object_component id="oc-103">
         <name>.text</name>
         <load_address>0x83ec</load_address>
         <run_address>0x83ec</run_address>
         <size>0x26</size>
         <input_file_ref idref="fl-e"/>
      </object_component>
      <object_component id="oc-f9">
         <name>.text</name>
         <load_address>0x8412</load_address>
         <run_address>0x8412</run_address>
         <size>0x24</size>
         <input_file_ref idref="fl-1b"/>
      </object_component>
      <object_component id="oc-fd">
         <name>.text</name>
         <load_address>0x8436</load_address>
         <run_address>0x8436</run_address>
         <size>0x1d</size>
         <input_file_ref idref="fl-1c"/>
      </object_component>
      <object_component id="oc-fb">
         <name>.text</name>
         <load_address>0x8453</load_address>
         <run_address>0x8453</run_address>
         <size>0x11</size>
         <input_file_ref idref="fl-21"/>
      </object_component>
      <object_component id="oc-fe">
         <name>.text</name>
         <load_address>0x8464</load_address>
         <run_address>0x8464</run_address>
         <size>0xd</size>
         <input_file_ref idref="fl-2"/>
      </object_component>
      <object_component id="oc-104">
         <name>.text</name>
         <load_address>0x8471</load_address>
         <run_address>0x8471</run_address>
         <size>0x9</size>
         <input_file_ref idref="fl-20"/>
      </object_component>
      <object_component id="oc-52">
         <name>.text</name>
         <load_address>0x847a</load_address>
         <run_address>0x847a</run_address>
         <size>0x8</size>
         <input_file_ref idref="fl-5"/>
      </object_component>
      <object_component id="oc-f8">
         <name>.text</name>
         <load_address>0x8482</load_address>
         <run_address>0x8482</run_address>
         <size>0x2</size>
         <input_file_ref idref="fl-1d"/>
      </object_component>
      <object_component id="oc-fa">
         <name>.text</name>
         <load_address>0x8484</load_address>
         <run_address>0x8484</run_address>
         <size>0x1</size>
         <input_file_ref idref="fl-1e"/>
      </object_component>
      <object_component id="oc-e8">
         <name>.cinit</name>
         <load_address>0x50</load_address>
         <run_address>0x50</run_address>
         <size>0xe</size>
         <input_file_ref idref="fl-1f"/>
      </object_component>
      <object_component id="oc-100">
         <name>.cinit:__lock</name>
         <load_address>0x5e</load_address>
         <run_address>0x5e</run_address>
         <size>0x5</size>
         <input_file_ref idref="fl-20"/>
      </object_component>
      <object_component id="oc-105">
         <name>.cinit:__unlock</name>
         <load_address>0x63</load_address>
         <run_address>0x63</run_address>
         <size>0x5</size>
         <input_file_ref idref="fl-20"/>
      </object_component>
      <object_component id="oc-c4">
         <name>.reset</name>
         <load_address>0x3fffc0</load_address>
         <run_address>0x3fffc0</run_address>
         <size>0x2</size>
         <input_file_ref idref="fl-18"/>
      </object_component>
      <object_component id="oc-c3">
         <name>.stack</name>
         <uninitialized>true</uninitialized>
         <run_address>0x480</run_address>
         <size>0x0</size>
         <input_file_ref idref="fl-18"/>
      </object_component>
      <object_component id="oc-153">
         <name>.stack</name>
         <uninitialized>true</uninitialized>
         <run_address>0x480</run_address>
         <size>0x0</size>
      </object_component>
      <object_component id="oc-58">
         <name>.ebss</name>
         <uninitialized>true</uninitialized>
         <run_address>0x8d00</run_address>
         <size>0x18</size>
         <input_file_ref idref="fl-6"/>
      </object_component>
      <object_component id="oc-e9">
         <name>.ebss</name>
         <uninitialized>true</uninitialized>
         <run_address>0x8d18</run_address>
         <size>0x6</size>
         <input_file_ref idref="fl-1f"/>
      </object_component>
      <object_component id="oc-ff">
         <name>.ebss:__lock</name>
         <uninitialized>true</uninitialized>
         <run_address>0x8d1e</run_address>
         <size>0x2</size>
         <input_file_ref idref="fl-20"/>
      </object_component>
      <object_component id="oc-107">
         <name>.ebss:__unlock</name>
         <uninitialized>true</uninitialized>
         <run_address>0x8d20</run_address>
         <size>0x2</size>
         <input_file_ref idref="fl-20"/>
      </object_component>
      <object_component id="oc-106">
         <name>.econst:_PieVectTableInit</name>
         <load_address>0x8c00</load_address>
         <run_address>0x8c00</run_address>
         <size>0x100</size>
         <input_file_ref idref="fl-e"/>
      </object_component>
      <object_component id="oc-9d">
         <name>PieVectTableFile</name>
         <uninitialized>true</uninitialized>
         <run_address>0xd00</run_address>
         <size>0x100</size>
         <input_file_ref idref="fl-a"/>
      </object_component>
      <object_component id="oc-6f">
         <name>EmuKeyVar</name>
         <uninitialized>true</uninitialized>
         <run_address>0xd00</run_address>
         <size>0x1</size>
         <input_file_ref idref="fl-a"/>
      </object_component>
      <object_component id="oc-70">
         <name>EmuBModeVar</name>
         <uninitialized>true</uninitialized>
         <run_address>0xd01</run_address>
         <size>0x1</size>
         <input_file_ref idref="fl-a"/>
      </object_component>
      <object_component id="oc-72">
         <name>FlashCallbackVar</name>
         <uninitialized>true</uninitialized>
         <run_address>0xd02</run_address>
         <size>0x2</size>
         <input_file_ref idref="fl-a"/>
      </object_component>
      <object_component id="oc-71">
         <name>FlashScalingVar</name>
         <uninitialized>true</uninitialized>
         <run_address>0xd04</run_address>
         <size>0x2</size>
         <input_file_ref idref="fl-a"/>
      </object_component>
      <object_component id="oc-74">
         <name>DevEmuRegsFile</name>
         <uninitialized>true</uninitialized>
         <run_address>0x880</run_address>
         <size>0x4</size>
         <input_file_ref idref="fl-a"/>
      </object_component>
      <object_component id="oc-73">
         <name>SysPwrCtrlRegsFile</name>
         <uninitialized>true</uninitialized>
         <run_address>0x985</run_address>
         <size>0x3</size>
         <input_file_ref idref="fl-a"/>
      </object_component>
      <object_component id="oc-79">
         <name>FlashRegsFile</name>
         <uninitialized>true</uninitialized>
         <run_address>0xa80</run_address>
         <size>0x8</size>
         <input_file_ref idref="fl-a"/>
      </object_component>
      <object_component id="oc-7b">
         <name>CsmRegsFile</name>
         <uninitialized>true</uninitialized>
         <run_address>0xae0</run_address>
         <size>0x10</size>
         <input_file_ref idref="fl-a"/>
      </object_component>
      <object_component id="oc-85">
         <name>AdcResultFile</name>
         <uninitialized>true</uninitialized>
         <run_address>0xb00</run_address>
         <size>0x20</size>
         <input_file_ref idref="fl-a"/>
      </object_component>
      <object_component id="oc-75">
         <name>CpuTimer0RegsFile</name>
         <uninitialized>true</uninitialized>
         <run_address>0xc00</run_address>
         <size>0x8</size>
         <input_file_ref idref="fl-a"/>
      </object_component>
      <object_component id="oc-76">
         <name>CpuTimer1RegsFile</name>
         <uninitialized>true</uninitialized>
         <run_address>0xc08</run_address>
         <size>0x8</size>
         <input_file_ref idref="fl-a"/>
      </object_component>
      <object_component id="oc-77">
         <name>CpuTimer2RegsFile</name>
         <uninitialized>true</uninitialized>
         <run_address>0xc10</run_address>
         <size>0x8</size>
         <input_file_ref idref="fl-a"/>
      </object_component>
      <object_component id="oc-84">
         <name>PieCtrlRegsFile</name>
         <uninitialized>true</uninitialized>
         <run_address>0xce0</run_address>
         <size>0x1a</size>
         <input_file_ref idref="fl-a"/>
      </object_component>
      <object_component id="oc-90">
         <name>Cla1RegsFile</name>
         <uninitialized>true</uninitialized>
         <run_address>0x1400</run_address>
         <size>0x40</size>
         <input_file_ref idref="fl-a"/>
      </object_component>
      <object_component id="oc-8c">
         <name>ECanaRegsFile</name>
         <uninitialized>true</uninitialized>
         <run_address>0x6000</run_address>
         <size>0x34</size>
         <input_file_ref idref="fl-a"/>
      </object_component>
      <object_component id="oc-8d">
         <name>ECanaLAMRegsFile</name>
         <uninitialized>true</uninitialized>
         <run_address>0x6040</run_address>
         <size>0x40</size>
         <input_file_ref idref="fl-a"/>
      </object_component>
      <object_component id="oc-9c">
         <name>ECanaMboxesFile</name>
         <uninitialized>true</uninitialized>
         <run_address>0x6100</run_address>
         <size>0x100</size>
         <input_file_ref idref="fl-a"/>
      </object_component>
      <object_component id="oc-8e">
         <name>ECanaMOTSRegsFile</name>
         <uninitialized>true</uninitialized>
         <run_address>0x6080</run_address>
         <size>0x40</size>
         <input_file_ref idref="fl-a"/>
      </object_component>
      <object_component id="oc-8f">
         <name>ECanaMOTORegsFile</name>
         <uninitialized>true</uninitialized>
         <run_address>0x60c0</run_address>
         <size>0x40</size>
         <input_file_ref idref="fl-a"/>
      </object_component>
      <object_component id="oc-86">
         <name>ECap1RegsFile</name>
         <uninitialized>true</uninitialized>
         <run_address>0x6a00</run_address>
         <size>0x20</size>
         <input_file_ref idref="fl-a"/>
      </object_component>
      <object_component id="oc-88">
         <name>HRCap1RegsFile</name>
         <uninitialized>true</uninitialized>
         <run_address>0x6ac0</run_address>
         <size>0x20</size>
         <input_file_ref idref="fl-a"/>
      </object_component>
      <object_component id="oc-89">
         <name>HRCap2RegsFile</name>
         <uninitialized>true</uninitialized>
         <run_address>0x6ae0</run_address>
         <size>0x20</size>
         <input_file_ref idref="fl-a"/>
      </object_component>
      <object_component id="oc-98">
         <name>EQep1RegsFile</name>
         <uninitialized>true</uninitialized>
         <run_address>0x6b00</run_address>
         <size>0x40</size>
         <input_file_ref idref="fl-a"/>
      </object_component>
      <object_component id="oc-9a">
         <name>LinaRegsFile</name>
         <uninitialized>true</uninitialized>
         <run_address>0x6c00</run_address>
         <size>0x4a</size>
         <input_file_ref idref="fl-a"/>
      </object_component>
      <object_component id="oc-99">
         <name>GpioCtrlRegsFile</name>
         <uninitialized>true</uninitialized>
         <run_address>0x6f80</run_address>
         <size>0x40</size>
         <input_file_ref idref="fl-a"/>
      </object_component>
      <object_component id="oc-87">
         <name>GpioDataRegsFile</name>
         <uninitialized>true</uninitialized>
         <run_address>0x6fc0</run_address>
         <size>0x20</size>
         <input_file_ref idref="fl-a"/>
      </object_component>
      <object_component id="oc-7a">
         <name>GpioIntRegsFile</name>
         <uninitialized>true</uninitialized>
         <run_address>0x6fe0</run_address>
         <size>0xc</size>
         <input_file_ref idref="fl-a"/>
      </object_component>
      <object_component id="oc-8a">
         <name>SysCtrlRegsFile</name>
         <uninitialized>true</uninitialized>
         <run_address>0x7010</run_address>
         <size>0x20</size>
         <input_file_ref idref="fl-a"/>
      </object_component>
      <object_component id="oc-7e">
         <name>SpiaRegsFile</name>
         <uninitialized>true</uninitialized>
         <run_address>0x7040</run_address>
         <size>0x10</size>
         <input_file_ref idref="fl-a"/>
      </object_component>
      <object_component id="oc-7f">
         <name>SpibRegsFile</name>
         <uninitialized>true</uninitialized>
         <run_address>0x7740</run_address>
         <size>0x10</size>
         <input_file_ref idref="fl-a"/>
      </object_component>
      <object_component id="oc-7d">
         <name>SciaRegsFile</name>
         <uninitialized>true</uninitialized>
         <run_address>0x7050</run_address>
         <size>0x10</size>
         <input_file_ref idref="fl-a"/>
      </object_component>
      <object_component id="oc-7c">
         <name>NmiIntruptRegsFile</name>
         <uninitialized>true</uninitialized>
         <run_address>0x7060</run_address>
         <size>0x10</size>
         <input_file_ref idref="fl-a"/>
      </object_component>
      <object_component id="oc-80">
         <name>XIntruptRegsFile</name>
         <uninitialized>true</uninitialized>
         <run_address>0x7070</run_address>
         <size>0x10</size>
         <input_file_ref idref="fl-a"/>
      </object_component>
      <object_component id="oc-9b">
         <name>AdcRegsFile</name>
         <uninitialized>true</uninitialized>
         <run_address>0x7100</run_address>
         <size>0x50</size>
         <input_file_ref idref="fl-a"/>
      </object_component>
      <object_component id="oc-8b">
         <name>I2caRegsFile</name>
         <uninitialized>true</uninitialized>
         <run_address>0x7900</run_address>
         <size>0x22</size>
         <input_file_ref idref="fl-a"/>
      </object_component>
      <object_component id="oc-81">
         <name>Comp1RegsFile</name>
         <uninitialized>true</uninitialized>
         <run_address>0x6400</run_address>
         <size>0x14</size>
         <input_file_ref idref="fl-a"/>
      </object_component>
      <object_component id="oc-82">
         <name>Comp2RegsFile</name>
         <uninitialized>true</uninitialized>
         <run_address>0x6420</run_address>
         <size>0x14</size>
         <input_file_ref idref="fl-a"/>
      </object_component>
      <object_component id="oc-83">
         <name>Comp3RegsFile</name>
         <uninitialized>true</uninitialized>
         <run_address>0x6440</run_address>
         <size>0x14</size>
         <input_file_ref idref="fl-a"/>
      </object_component>
      <object_component id="oc-91">
         <name>EPwm1RegsFile</name>
         <uninitialized>true</uninitialized>
         <run_address>0x6800</run_address>
         <size>0x40</size>
         <input_file_ref idref="fl-a"/>
      </object_component>
      <object_component id="oc-92">
         <name>EPwm2RegsFile</name>
         <uninitialized>true</uninitialized>
         <run_address>0x6840</run_address>
         <size>0x40</size>
         <input_file_ref idref="fl-a"/>
      </object_component>
      <object_component id="oc-93">
         <name>EPwm3RegsFile</name>
         <uninitialized>true</uninitialized>
         <run_address>0x6880</run_address>
         <size>0x40</size>
         <input_file_ref idref="fl-a"/>
      </object_component>
      <object_component id="oc-94">
         <name>EPwm4RegsFile</name>
         <uninitialized>true</uninitialized>
         <run_address>0x68c0</run_address>
         <size>0x40</size>
         <input_file_ref idref="fl-a"/>
      </object_component>
      <object_component id="oc-95">
         <name>EPwm5RegsFile</name>
         <uninitialized>true</uninitialized>
         <run_address>0x6900</run_address>
         <size>0x40</size>
         <input_file_ref idref="fl-a"/>
      </object_component>
      <object_component id="oc-96">
         <name>EPwm6RegsFile</name>
         <uninitialized>true</uninitialized>
         <run_address>0x6940</run_address>
         <size>0x40</size>
         <input_file_ref idref="fl-a"/>
      </object_component>
      <object_component id="oc-97">
         <name>EPwm7RegsFile</name>
         <uninitialized>true</uninitialized>
         <run_address>0x6980</run_address>
         <size>0x40</size>
         <input_file_ref idref="fl-a"/>
      </object_component>
      <object_component id="oc-78">
         <name>CsmPwlFile</name>
         <uninitialized>true</uninitialized>
         <run_address>0x3f7ff8</run_address>
         <size>0x8</size>
         <input_file_ref idref="fl-a"/>
      </object_component>
      <object_component id="oc-6e">
         <name>PartIdRegsFile</name>
         <uninitialized>true</uninitialized>
         <run_address>0x3d7e80</run_address>
         <size>0x1</size>
         <input_file_ref idref="fl-a"/>
      </object_component>
      <object_component id="oc-43">
         <name>.debug_info</name>
         <load_address>0x0</load_address>
         <run_address>0x0</run_address>
         <size>0x372</size>
         <input_file_ref idref="fl-2"/>
      </object_component>
      <object_component id="oc-48">
         <name>.debug_info</name>
         <load_address>0x372</load_address>
         <run_address>0x372</run_address>
         <size>0x149f</size>
         <input_file_ref idref="fl-3"/>
      </object_component>
      <object_component id="oc-4d">
         <name>.debug_info</name>
         <load_address>0x1811</load_address>
         <run_address>0x1811</run_address>
         <size>0x400f</size>
         <input_file_ref idref="fl-4"/>
      </object_component>
      <object_component id="oc-54">
         <name>.debug_info</name>
         <load_address>0x5820</load_address>
         <run_address>0x5820</run_address>
         <size>0x126</size>
         <input_file_ref idref="fl-5"/>
      </object_component>
      <object_component id="oc-57">
         <name>.debug_info</name>
         <load_address>0x5946</load_address>
         <run_address>0x5946</run_address>
         <size>0x797</size>
         <input_file_ref idref="fl-6"/>
      </object_component>
      <object_component id="oc-5d">
         <name>.debug_info</name>
         <load_address>0x60dd</load_address>
         <run_address>0x60dd</run_address>
         <size>0x20f4</size>
         <input_file_ref idref="fl-7"/>
      </object_component>
      <object_component id="oc-63">
         <name>.debug_info</name>
         <load_address>0x81d1</load_address>
         <run_address>0x81d1</run_address>
         <size>0x5655</size>
         <input_file_ref idref="fl-8"/>
      </object_component>
      <object_component id="oc-68">
         <name>.debug_info</name>
         <load_address>0xd826</load_address>
         <run_address>0xd826</run_address>
         <size>0x149f</size>
         <input_file_ref idref="fl-9"/>
      </object_component>
      <object_component id="oc-6d">
         <name>.debug_info</name>
         <load_address>0xecc5</load_address>
         <run_address>0xecc5</run_address>
         <size>0x13fb8</size>
         <input_file_ref idref="fl-a"/>
      </object_component>
      <object_component id="oc-9f">
         <name>.debug_info</name>
         <load_address>0x22c7d</load_address>
         <run_address>0x22c7d</run_address>
         <size>0x149f</size>
         <input_file_ref idref="fl-b"/>
      </object_component>
      <object_component id="oc-a4">
         <name>.debug_info</name>
         <load_address>0x2411c</load_address>
         <run_address>0x2411c</run_address>
         <size>0x149e</size>
         <input_file_ref idref="fl-c"/>
      </object_component>
      <object_component id="oc-a9">
         <name>.debug_info</name>
         <load_address>0x255ba</load_address>
         <run_address>0x255ba</run_address>
         <size>0xaaf</size>
         <input_file_ref idref="fl-d"/>
      </object_component>
      <object_component id="oc-ae">
         <name>.debug_info</name>
         <load_address>0x26069</load_address>
         <run_address>0x26069</run_address>
         <size>0x2208</size>
         <input_file_ref idref="fl-e"/>
      </object_component>
      <object_component id="oc-b3">
         <name>.debug_info</name>
         <load_address>0x28271</load_address>
         <run_address>0x28271</run_address>
         <size>0x149e</size>
         <input_file_ref idref="fl-f"/>
      </object_component>
      <object_component id="oc-b8">
         <name>.debug_info</name>
         <load_address>0x2970f</load_address>
         <run_address>0x2970f</run_address>
         <size>0x2005</size>
         <input_file_ref idref="fl-10"/>
      </object_component>
      <object_component id="oc-bf">
         <name>.debug_info</name>
         <load_address>0x2b714</load_address>
         <run_address>0x2b714</run_address>
         <size>0xeb</size>
         <input_file_ref idref="fl-11"/>
      </object_component>
      <object_component id="oc-c5">
         <name>.debug_info</name>
         <load_address>0x2b7ff</load_address>
         <run_address>0x2b7ff</run_address>
         <size>0x173</size>
         <input_file_ref idref="fl-18"/>
      </object_component>
      <object_component id="oc-ca">
         <name>.debug_info</name>
         <load_address>0x2b972</load_address>
         <run_address>0x2b972</run_address>
         <size>0x114</size>
         <input_file_ref idref="fl-19"/>
      </object_component>
      <object_component id="oc-cf">
         <name>.debug_info</name>
         <load_address>0x2ba86</load_address>
         <run_address>0x2ba86</run_address>
         <size>0x120</size>
         <input_file_ref idref="fl-1a"/>
      </object_component>
      <object_component id="oc-d3">
         <name>.debug_info</name>
         <load_address>0x2bba6</load_address>
         <run_address>0x2bba6</run_address>
         <size>0x4fa</size>
         <input_file_ref idref="fl-1b"/>
      </object_component>
      <object_component id="oc-d8">
         <name>.debug_info</name>
         <load_address>0x2c0a0</load_address>
         <run_address>0x2c0a0</run_address>
         <size>0x3d3</size>
         <input_file_ref idref="fl-1c"/>
      </object_component>
      <object_component id="oc-dd">
         <name>.debug_info</name>
         <load_address>0x2c473</load_address>
         <run_address>0x2c473</run_address>
         <size>0x346</size>
         <input_file_ref idref="fl-1d"/>
      </object_component>
      <object_component id="oc-e2">
         <name>.debug_info</name>
         <load_address>0x2c7b9</load_address>
         <run_address>0x2c7b9</run_address>
         <size>0x343</size>
         <input_file_ref idref="fl-1e"/>
      </object_component>
      <object_component id="oc-e7">
         <name>.debug_info</name>
         <load_address>0x2cafc</load_address>
         <run_address>0x2cafc</run_address>
         <size>0x4dd</size>
         <input_file_ref idref="fl-1f"/>
      </object_component>
      <object_component id="oc-ee">
         <name>.debug_info</name>
         <load_address>0x2cfd9</load_address>
         <run_address>0x2cfd9</run_address>
         <size>0x465</size>
         <input_file_ref idref="fl-20"/>
      </object_component>
      <object_component id="oc-f3">
         <name>.debug_info</name>
         <load_address>0x2d43e</load_address>
         <run_address>0x2d43e</run_address>
         <size>0x3ee</size>
         <input_file_ref idref="fl-21"/>
      </object_component>
      <object_component id="oc-154">
         <name>.debug_info</name>
         <load_address>0x2d82c</load_address>
         <run_address>0x2d82c</run_address>
         <size>0x9b</size>
      </object_component>
      <object_component id="oc-44">
         <name>.debug_frame</name>
         <load_address>0x0</load_address>
         <run_address>0x0</run_address>
         <size>0x38</size>
         <input_file_ref idref="fl-2"/>
      </object_component>
      <object_component id="oc-49">
         <name>.debug_frame</name>
         <load_address>0x38</load_address>
         <run_address>0x38</run_address>
         <size>0x20</size>
         <input_file_ref idref="fl-3"/>
      </object_component>
      <object_component id="oc-4e">
         <name>.debug_frame</name>
         <load_address>0x58</load_address>
         <run_address>0x58</run_address>
         <size>0x20</size>
         <input_file_ref idref="fl-4"/>
      </object_component>
      <object_component id="oc-59">
         <name>.debug_frame</name>
         <load_address>0x78</load_address>
         <run_address>0x78</run_address>
         <size>0x20</size>
         <input_file_ref idref="fl-6"/>
      </object_component>
      <object_component id="oc-5f">
         <name>.debug_frame</name>
         <load_address>0x98</load_address>
         <run_address>0x98</run_address>
         <size>0x740</size>
         <input_file_ref idref="fl-7"/>
      </object_component>
      <object_component id="oc-64">
         <name>.debug_frame</name>
         <load_address>0x7d8</load_address>
         <run_address>0x7d8</run_address>
         <size>0x20</size>
         <input_file_ref idref="fl-8"/>
      </object_component>
      <object_component id="oc-69">
         <name>.debug_frame</name>
         <load_address>0x7f8</load_address>
         <run_address>0x7f8</run_address>
         <size>0x20</size>
         <input_file_ref idref="fl-9"/>
      </object_component>
      <object_component id="oc-a0">
         <name>.debug_frame</name>
         <load_address>0x818</load_address>
         <run_address>0x818</run_address>
         <size>0x20</size>
         <input_file_ref idref="fl-b"/>
      </object_component>
      <object_component id="oc-a5">
         <name>.debug_frame</name>
         <load_address>0x838</load_address>
         <run_address>0x838</run_address>
         <size>0x20</size>
         <input_file_ref idref="fl-c"/>
      </object_component>
      <object_component id="oc-aa">
         <name>.debug_frame</name>
         <load_address>0x858</load_address>
         <run_address>0x858</run_address>
         <size>0x50</size>
         <input_file_ref idref="fl-d"/>
      </object_component>
      <object_component id="oc-af">
         <name>.debug_frame</name>
         <load_address>0x8a8</load_address>
         <run_address>0x8a8</run_address>
         <size>0x3c</size>
         <input_file_ref idref="fl-e"/>
      </object_component>
      <object_component id="oc-b4">
         <name>.debug_frame</name>
         <load_address>0x8e4</load_address>
         <run_address>0x8e4</run_address>
         <size>0x20</size>
         <input_file_ref idref="fl-f"/>
      </object_component>
      <object_component id="oc-b9">
         <name>.debug_frame</name>
         <load_address>0x904</load_address>
         <run_address>0x904</run_address>
         <size>0x118</size>
         <input_file_ref idref="fl-10"/>
      </object_component>
      <object_component id="oc-d4">
         <name>.debug_frame</name>
         <load_address>0xa1c</load_address>
         <run_address>0xa1c</run_address>
         <size>0x58</size>
         <input_file_ref idref="fl-1b"/>
      </object_component>
      <object_component id="oc-d9">
         <name>.debug_frame</name>
         <load_address>0xa74</load_address>
         <run_address>0xa74</run_address>
         <size>0x38</size>
         <input_file_ref idref="fl-1c"/>
      </object_component>
      <object_component id="oc-de">
         <name>.debug_frame</name>
         <load_address>0xaac</load_address>
         <run_address>0xaac</run_address>
         <size>0x38</size>
         <input_file_ref idref="fl-1d"/>
      </object_component>
      <object_component id="oc-e3">
         <name>.debug_frame</name>
         <load_address>0xae4</load_address>
         <run_address>0xae4</run_address>
         <size>0x38</size>
         <input_file_ref idref="fl-1e"/>
      </object_component>
      <object_component id="oc-ea">
         <name>.debug_frame</name>
         <load_address>0xb1c</load_address>
         <run_address>0xb1c</run_address>
         <size>0x58</size>
         <input_file_ref idref="fl-1f"/>
      </object_component>
      <object_component id="oc-ef">
         <name>.debug_frame</name>
         <load_address>0xb74</load_address>
         <run_address>0xb74</run_address>
         <size>0x68</size>
         <input_file_ref idref="fl-20"/>
      </object_component>
      <object_component id="oc-f4">
         <name>.debug_frame</name>
         <load_address>0xbdc</load_address>
         <run_address>0xbdc</run_address>
         <size>0x38</size>
         <input_file_ref idref="fl-21"/>
      </object_component>
      <object_component id="oc-45">
         <name>.debug_line</name>
         <load_address>0x0</load_address>
         <run_address>0x0</run_address>
         <size>0x43</size>
         <input_file_ref idref="fl-2"/>
      </object_component>
      <object_component id="oc-4a">
         <name>.debug_line</name>
         <load_address>0x43</load_address>
         <run_address>0x43</run_address>
         <size>0x37</size>
         <input_file_ref idref="fl-3"/>
      </object_component>
      <object_component id="oc-4f">
         <name>.debug_line</name>
         <load_address>0x7a</load_address>
         <run_address>0x7a</run_address>
         <size>0x36</size>
         <input_file_ref idref="fl-4"/>
      </object_component>
      <object_component id="oc-53">
         <name>.debug_line</name>
         <load_address>0xb0</load_address>
         <run_address>0xb0</run_address>
         <size>0x68</size>
         <input_file_ref idref="fl-5"/>
      </object_component>
      <object_component id="oc-5a">
         <name>.debug_line</name>
         <load_address>0x118</load_address>
         <run_address>0x118</run_address>
         <size>0x3c</size>
         <input_file_ref idref="fl-6"/>
      </object_component>
      <object_component id="oc-60">
         <name>.debug_line</name>
         <load_address>0x154</load_address>
         <run_address>0x154</run_address>
         <size>0x70e</size>
         <input_file_ref idref="fl-7"/>
      </object_component>
      <object_component id="oc-65">
         <name>.debug_line</name>
         <load_address>0x862</load_address>
         <run_address>0x862</run_address>
         <size>0x37</size>
         <input_file_ref idref="fl-8"/>
      </object_component>
      <object_component id="oc-6a">
         <name>.debug_line</name>
         <load_address>0x899</load_address>
         <run_address>0x899</run_address>
         <size>0x37</size>
         <input_file_ref idref="fl-9"/>
      </object_component>
      <object_component id="oc-a1">
         <name>.debug_line</name>
         <load_address>0x8d0</load_address>
         <run_address>0x8d0</run_address>
         <size>0x37</size>
         <input_file_ref idref="fl-b"/>
      </object_component>
      <object_component id="oc-a6">
         <name>.debug_line</name>
         <load_address>0x907</load_address>
         <run_address>0x907</run_address>
         <size>0x36</size>
         <input_file_ref idref="fl-c"/>
      </object_component>
      <object_component id="oc-ab">
         <name>.debug_line</name>
         <load_address>0x93d</load_address>
         <run_address>0x93d</run_address>
         <size>0x86</size>
         <input_file_ref idref="fl-d"/>
      </object_component>
      <object_component id="oc-b0">
         <name>.debug_line</name>
         <load_address>0x9c3</load_address>
         <run_address>0x9c3</run_address>
         <size>0x6e</size>
         <input_file_ref idref="fl-e"/>
      </object_component>
      <object_component id="oc-b5">
         <name>.debug_line</name>
         <load_address>0xa31</load_address>
         <run_address>0xa31</run_address>
         <size>0x36</size>
         <input_file_ref idref="fl-f"/>
      </object_component>
      <object_component id="oc-ba">
         <name>.debug_line</name>
         <load_address>0xa67</load_address>
         <run_address>0xa67</run_address>
         <size>0x1ca</size>
         <input_file_ref idref="fl-10"/>
      </object_component>
      <object_component id="oc-be">
         <name>.debug_line</name>
         <load_address>0xc31</load_address>
         <run_address>0xc31</run_address>
         <size>0x4f</size>
         <input_file_ref idref="fl-11"/>
      </object_component>
      <object_component id="oc-c6">
         <name>.debug_line</name>
         <load_address>0xc80</load_address>
         <run_address>0xc80</run_address>
         <size>0x7d</size>
         <input_file_ref idref="fl-18"/>
      </object_component>
      <object_component id="oc-cb">
         <name>.debug_line</name>
         <load_address>0xcfd</load_address>
         <run_address>0xcfd</run_address>
         <size>0x8d</size>
         <input_file_ref idref="fl-19"/>
      </object_component>
      <object_component id="oc-d0">
         <name>.debug_line</name>
         <load_address>0xd8a</load_address>
         <run_address>0xd8a</run_address>
         <size>0x60</size>
         <input_file_ref idref="fl-1a"/>
      </object_component>
      <object_component id="oc-d5">
         <name>.debug_line</name>
         <load_address>0xdea</load_address>
         <run_address>0xdea</run_address>
         <size>0x50</size>
         <input_file_ref idref="fl-1b"/>
      </object_component>
      <object_component id="oc-da">
         <name>.debug_line</name>
         <load_address>0xe3a</load_address>
         <run_address>0xe3a</run_address>
         <size>0x62</size>
         <input_file_ref idref="fl-1c"/>
      </object_component>
      <object_component id="oc-df">
         <name>.debug_line</name>
         <load_address>0xe9c</load_address>
         <run_address>0xe9c</run_address>
         <size>0x3e</size>
         <input_file_ref idref="fl-1d"/>
      </object_component>
      <object_component id="oc-e4">
         <name>.debug_line</name>
         <load_address>0xeda</load_address>
         <run_address>0xeda</run_address>
         <size>0x3a</size>
         <input_file_ref idref="fl-1e"/>
      </object_component>
      <object_component id="oc-eb">
         <name>.debug_line</name>
         <load_address>0xf14</load_address>
         <run_address>0xf14</run_address>
         <size>0x65</size>
         <input_file_ref idref="fl-1f"/>
      </object_component>
      <object_component id="oc-f0">
         <name>.debug_line</name>
         <load_address>0xf79</load_address>
         <run_address>0xf79</run_address>
         <size>0x5e</size>
         <input_file_ref idref="fl-20"/>
      </object_component>
      <object_component id="oc-f5">
         <name>.debug_line</name>
         <load_address>0xfd7</load_address>
         <run_address>0xfd7</run_address>
         <size>0x4f</size>
         <input_file_ref idref="fl-21"/>
      </object_component>
      <object_component id="oc-46">
         <name>.debug_abbrev</name>
         <load_address>0x0</load_address>
         <run_address>0x0</run_address>
         <size>0x73</size>
         <input_file_ref idref="fl-2"/>
      </object_component>
      <object_component id="oc-4b">
         <name>.debug_abbrev</name>
         <load_address>0x73</load_address>
         <run_address>0x73</run_address>
         <size>0xdc</size>
         <input_file_ref idref="fl-3"/>
      </object_component>
      <object_component id="oc-50">
         <name>.debug_abbrev</name>
         <load_address>0x14f</load_address>
         <run_address>0x14f</run_address>
         <size>0x155</size>
         <input_file_ref idref="fl-4"/>
      </object_component>
      <object_component id="oc-55">
         <name>.debug_abbrev</name>
         <load_address>0x2a4</load_address>
         <run_address>0x2a4</run_address>
         <size>0x21</size>
         <input_file_ref idref="fl-5"/>
      </object_component>
      <object_component id="oc-5b">
         <name>.debug_abbrev</name>
         <load_address>0x2c5</load_address>
         <run_address>0x2c5</run_address>
         <size>0x10b</size>
         <input_file_ref idref="fl-6"/>
      </object_component>
      <object_component id="oc-61">
         <name>.debug_abbrev</name>
         <load_address>0x3d0</load_address>
         <run_address>0x3d0</run_address>
         <size>0xde</size>
         <input_file_ref idref="fl-7"/>
      </object_component>
      <object_component id="oc-66">
         <name>.debug_abbrev</name>
         <load_address>0x4ae</load_address>
         <run_address>0x4ae</run_address>
         <size>0x103</size>
         <input_file_ref idref="fl-8"/>
      </object_component>
      <object_component id="oc-6b">
         <name>.debug_abbrev</name>
         <load_address>0x5b1</load_address>
         <run_address>0x5b1</run_address>
         <size>0xea</size>
         <input_file_ref idref="fl-9"/>
      </object_component>
      <object_component id="oc-9e">
         <name>.debug_abbrev</name>
         <load_address>0x69b</load_address>
         <run_address>0x69b</run_address>
         <size>0xb7</size>
         <input_file_ref idref="fl-a"/>
      </object_component>
      <object_component id="oc-a2">
         <name>.debug_abbrev</name>
         <load_address>0x752</load_address>
         <run_address>0x752</run_address>
         <size>0xdc</size>
         <input_file_ref idref="fl-b"/>
      </object_component>
      <object_component id="oc-a7">
         <name>.debug_abbrev</name>
         <load_address>0x82e</load_address>
         <run_address>0x82e</run_address>
         <size>0xdc</size>
         <input_file_ref idref="fl-c"/>
      </object_component>
      <object_component id="oc-ac">
         <name>.debug_abbrev</name>
         <load_address>0x90a</load_address>
         <run_address>0x90a</run_address>
         <size>0xc8</size>
         <input_file_ref idref="fl-d"/>
      </object_component>
      <object_component id="oc-b1">
         <name>.debug_abbrev</name>
         <load_address>0x9d2</load_address>
         <run_address>0x9d2</run_address>
         <size>0x116</size>
         <input_file_ref idref="fl-e"/>
      </object_component>
      <object_component id="oc-b6">
         <name>.debug_abbrev</name>
         <load_address>0xae8</load_address>
         <run_address>0xae8</run_address>
         <size>0xea</size>
         <input_file_ref idref="fl-f"/>
      </object_component>
      <object_component id="oc-bb">
         <name>.debug_abbrev</name>
         <load_address>0xbd2</load_address>
         <run_address>0xbd2</run_address>
         <size>0x1a3</size>
         <input_file_ref idref="fl-10"/>
      </object_component>
      <object_component id="oc-c0">
         <name>.debug_abbrev</name>
         <load_address>0xd75</load_address>
         <run_address>0xd75</run_address>
         <size>0x2f</size>
         <input_file_ref idref="fl-11"/>
      </object_component>
      <object_component id="oc-c7">
         <name>.debug_abbrev</name>
         <load_address>0xda4</load_address>
         <run_address>0xda4</run_address>
         <size>0x46</size>
         <input_file_ref idref="fl-18"/>
      </object_component>
      <object_component id="oc-cc">
         <name>.debug_abbrev</name>
         <load_address>0xdea</load_address>
         <run_address>0xdea</run_address>
         <size>0x38</size>
         <input_file_ref idref="fl-19"/>
      </object_component>
      <object_component id="oc-d1">
         <name>.debug_abbrev</name>
         <load_address>0xe22</load_address>
         <run_address>0xe22</run_address>
         <size>0x38</size>
         <input_file_ref idref="fl-1a"/>
      </object_component>
      <object_component id="oc-d6">
         <name>.debug_abbrev</name>
         <load_address>0xe5a</load_address>
         <run_address>0xe5a</run_address>
         <size>0xe3</size>
         <input_file_ref idref="fl-1b"/>
      </object_component>
      <object_component id="oc-db">
         <name>.debug_abbrev</name>
         <load_address>0xf3d</load_address>
         <run_address>0xf3d</run_address>
         <size>0xa8</size>
         <input_file_ref idref="fl-1c"/>
      </object_component>
      <object_component id="oc-e0">
         <name>.debug_abbrev</name>
         <load_address>0xfe5</load_address>
         <run_address>0xfe5</run_address>
         <size>0x68</size>
         <input_file_ref idref="fl-1d"/>
      </object_component>
      <object_component id="oc-e5">
         <name>.debug_abbrev</name>
         <load_address>0x104d</load_address>
         <run_address>0x104d</run_address>
         <size>0x66</size>
         <input_file_ref idref="fl-1e"/>
      </object_component>
      <object_component id="oc-ec">
         <name>.debug_abbrev</name>
         <load_address>0x10b3</load_address>
         <run_address>0x10b3</run_address>
         <size>0x130</size>
         <input_file_ref idref="fl-1f"/>
      </object_component>
      <object_component id="oc-f1">
         <name>.debug_abbrev</name>
         <load_address>0x11e3</load_address>
         <run_address>0x11e3</run_address>
         <size>0xb2</size>
         <input_file_ref idref="fl-20"/>
      </object_component>
      <object_component id="oc-f6">
         <name>.debug_abbrev</name>
         <load_address>0x1295</load_address>
         <run_address>0x1295</run_address>
         <size>0xee</size>
         <input_file_ref idref="fl-21"/>
      </object_component>
      <object_component id="oc-155">
         <name>.debug_abbrev</name>
         <load_address>0x1383</load_address>
         <run_address>0x1383</run_address>
         <size>0xf</size>
      </object_component>
      <object_component id="oc-47">
         <name>.debug_aranges</name>
         <load_address>0x0</load_address>
         <run_address>0x0</run_address>
         <size>0x20</size>
         <input_file_ref idref="fl-2"/>
      </object_component>
      <object_component id="oc-4c">
         <name>.debug_aranges</name>
         <load_address>0x20</load_address>
         <run_address>0x20</run_address>
         <size>0x18</size>
         <input_file_ref idref="fl-3"/>
      </object_component>
      <object_component id="oc-51">
         <name>.debug_aranges</name>
         <load_address>0x38</load_address>
         <run_address>0x38</run_address>
         <size>0x18</size>
         <input_file_ref idref="fl-4"/>
      </object_component>
      <object_component id="oc-56">
         <name>.debug_aranges</name>
         <load_address>0x50</load_address>
         <run_address>0x50</run_address>
         <size>0x28</size>
         <input_file_ref idref="fl-5"/>
      </object_component>
      <object_component id="oc-5c">
         <name>.debug_aranges</name>
         <load_address>0x78</load_address>
         <run_address>0x78</run_address>
         <size>0x18</size>
         <input_file_ref idref="fl-6"/>
      </object_component>
      <object_component id="oc-62">
         <name>.debug_aranges</name>
         <load_address>0x90</load_address>
         <run_address>0x90</run_address>
         <size>0x278</size>
         <input_file_ref idref="fl-7"/>
      </object_component>
      <object_component id="oc-67">
         <name>.debug_aranges</name>
         <load_address>0x308</load_address>
         <run_address>0x308</run_address>
         <size>0x18</size>
         <input_file_ref idref="fl-8"/>
      </object_component>
      <object_component id="oc-6c">
         <name>.debug_aranges</name>
         <load_address>0x320</load_address>
         <run_address>0x320</run_address>
         <size>0x18</size>
         <input_file_ref idref="fl-9"/>
      </object_component>
      <object_component id="oc-a3">
         <name>.debug_aranges</name>
         <load_address>0x338</load_address>
         <run_address>0x338</run_address>
         <size>0x18</size>
         <input_file_ref idref="fl-b"/>
      </object_component>
      <object_component id="oc-a8">
         <name>.debug_aranges</name>
         <load_address>0x350</load_address>
         <run_address>0x350</run_address>
         <size>0x18</size>
         <input_file_ref idref="fl-c"/>
      </object_component>
      <object_component id="oc-ad">
         <name>.debug_aranges</name>
         <load_address>0x368</load_address>
         <run_address>0x368</run_address>
         <size>0x28</size>
         <input_file_ref idref="fl-d"/>
      </object_component>
      <object_component id="oc-b2">
         <name>.debug_aranges</name>
         <load_address>0x390</load_address>
         <run_address>0x390</run_address>
         <size>0x20</size>
         <input_file_ref idref="fl-e"/>
      </object_component>
      <object_component id="oc-b7">
         <name>.debug_aranges</name>
         <load_address>0x3b0</load_address>
         <run_address>0x3b0</run_address>
         <size>0x18</size>
         <input_file_ref idref="fl-f"/>
      </object_component>
      <object_component id="oc-bc">
         <name>.debug_aranges</name>
         <load_address>0x3c8</load_address>
         <run_address>0x3c8</run_address>
         <size>0x68</size>
         <input_file_ref idref="fl-10"/>
      </object_component>
      <object_component id="oc-c1">
         <name>.debug_aranges</name>
         <load_address>0x430</load_address>
         <run_address>0x430</run_address>
         <size>0x20</size>
         <input_file_ref idref="fl-11"/>
      </object_component>
      <object_component id="oc-c8">
         <name>.debug_aranges</name>
         <load_address>0x450</load_address>
         <run_address>0x450</run_address>
         <size>0x20</size>
         <input_file_ref idref="fl-18"/>
      </object_component>
      <object_component id="oc-cd">
         <name>.debug_aranges</name>
         <load_address>0x470</load_address>
         <run_address>0x470</run_address>
         <size>0x20</size>
         <input_file_ref idref="fl-19"/>
      </object_component>
      <object_component id="oc-d2">
         <name>.debug_aranges</name>
         <load_address>0x490</load_address>
         <run_address>0x490</run_address>
         <size>0x20</size>
         <input_file_ref idref="fl-1a"/>
      </object_component>
      <object_component id="oc-d7">
         <name>.debug_aranges</name>
         <load_address>0x4b0</load_address>
         <run_address>0x4b0</run_address>
         <size>0x20</size>
         <input_file_ref idref="fl-1b"/>
      </object_component>
      <object_component id="oc-dc">
         <name>.debug_aranges</name>
         <load_address>0x4d0</load_address>
         <run_address>0x4d0</run_address>
         <size>0x20</size>
         <input_file_ref idref="fl-1c"/>
      </object_component>
      <object_component id="oc-e1">
         <name>.debug_aranges</name>
         <load_address>0x4f0</load_address>
         <run_address>0x4f0</run_address>
         <size>0x20</size>
         <input_file_ref idref="fl-1d"/>
      </object_component>
      <object_component id="oc-e6">
         <name>.debug_aranges</name>
         <load_address>0x510</load_address>
         <run_address>0x510</run_address>
         <size>0x20</size>
         <input_file_ref idref="fl-1e"/>
      </object_component>
      <object_component id="oc-ed">
         <name>.debug_aranges</name>
         <load_address>0x530</load_address>
         <run_address>0x530</run_address>
         <size>0x28</size>
         <input_file_ref idref="fl-1f"/>
      </object_component>
      <object_component id="oc-f2">
         <name>.debug_aranges</name>
         <load_address>0x558</load_address>
         <run_address>0x558</run_address>
         <size>0x30</size>
         <input_file_ref idref="fl-20"/>
      </object_component>
      <object_component id="oc-f7">
         <name>.debug_aranges</name>
         <load_address>0x588</load_address>
         <run_address>0x588</run_address>
         <size>0x20</size>
         <input_file_ref idref="fl-21"/>
      </object_component>
      <object_component id="oc-bd">
         <name>ramfuncs</name>
         <load_address>0x6a</load_address>
         <run_address>0x6a</run_address>
         <size>0x4</size>
         <input_file_ref idref="fl-11"/>
      </object_component>
   </object_component_list>
   <logical_group_list>
      <logical_group id="lg-2" display="no" color="cyan">
         <name>codestart</name>
         <load_address>0x0</load_address>
         <run_address>0x0</run_address>
         <size>0x2</size>
         <contents>
            <object_component_ref idref="oc-42"/>
         </contents>
      </logical_group>
      <logical_group id="lg-3" display="no" color="cyan">
         <name>.TI.ramfunc</name>
         <run_address>0x0</run_address>
         <size>0x0</size>
         <contents>
         </contents>
      </logical_group>
      <logical_group id="lg-4" display="no" color="cyan">
         <name>.text</name>
         <load_address>0x8000</load_address>
         <run_address>0x8000</run_address>
         <size>0x485</size>
         <contents>
            <object_component_ref idref="oc-5e"/>
            <object_component_ref idref="oc-101"/>
            <object_component_ref idref="oc-c9"/>
            <object_component_ref idref="oc-c2"/>
            <object_component_ref idref="oc-fc"/>
            <object_component_ref idref="oc-ce"/>
            <object_component_ref idref="oc-102"/>
            <object_component_ref idref="oc-103"/>
            <object_component_ref idref="oc-f9"/>
            <object_component_ref idref="oc-fd"/>
            <object_component_ref idref="oc-fb"/>
            <object_component_ref idref="oc-fe"/>
            <object_component_ref idref="oc-104"/>
            <object_component_ref idref="oc-52"/>
            <object_component_ref idref="oc-f8"/>
            <object_component_ref idref="oc-fa"/>
         </contents>
      </logical_group>
      <logical_group id="lg-5" display="no" color="cyan">
         <name>.cinit</name>
         <load_address>0x50</load_address>
         <run_address>0x50</run_address>
         <size>0x1a</size>
         <contents>
            <object_component_ref idref="oc-e8"/>
            <object_component_ref idref="oc-100"/>
            <object_component_ref idref="oc-105"/>
         </contents>
      </logical_group>
      <logical_group id="lg-6" display="no" color="cyan">
         <name>.pinit</name>
         <run_address>0x0</run_address>
         <size>0x0</size>
         <contents>
         </contents>
      </logical_group>
      <logical_group id="lg-7" display="no" color="cyan">
         <name>.switch</name>
         <run_address>0x0</run_address>
         <size>0x0</size>
         <contents>
         </contents>
      </logical_group>
      <logical_group id="lg-8" display="no" color="cyan">
         <name>.reset</name>
         <load_address>0x3fffc0</load_address>
         <run_address>0x3fffc0</run_address>
         <size>0x2</size>
         <contents>
            <object_component_ref idref="oc-c4"/>
         </contents>
      </logical_group>
      <logical_group id="lg-9" display="no" color="cyan">
         <name>.stack</name>
         <run_address>0x480</run_address>
         <size>0x200</size>
         <contents>
            <object_component_ref idref="oc-c3"/>
            <object_component_ref idref="oc-153"/>
         </contents>
      </logical_group>
      <logical_group id="lg-a" display="no" color="cyan">
         <name>.ebss</name>
         <run_address>0x8d00</run_address>
         <size>0x22</size>
         <contents>
            <object_component_ref idref="oc-58"/>
            <object_component_ref idref="oc-e9"/>
            <object_component_ref idref="oc-ff"/>
            <object_component_ref idref="oc-107"/>
         </contents>
      </logical_group>
      <logical_group id="lg-b" display="no" color="cyan">
         <name>.econst</name>
         <load_address>0x8c00</load_address>
         <run_address>0x8c00</run_address>
         <size>0x100</size>
         <contents>
            <object_component_ref idref="oc-106"/>
         </contents>
      </logical_group>
      <logical_group id="lg-c" display="no" color="cyan">
         <name>.esysmem</name>
         <run_address>0x0</run_address>
         <size>0x0</size>
         <contents>
         </contents>
      </logical_group>
      <logical_group id="lg-d" display="no" color="cyan">
         <name>IQmath</name>
         <run_address>0x0</run_address>
         <size>0x0</size>
         <contents>
         </contents>
      </logical_group>
      <logical_group id="lg-e" display="no" color="cyan">
         <name>IQmathTables</name>
         <run_address>0x0</run_address>
         <size>0x0</size>
         <contents>
         </contents>
      </logical_group>
      <logical_group id="lg-10" display="no" color="cyan">
         <name>PieVectTableFile</name>
         <run_address>0xd00</run_address>
         <size>0x100</size>
         <contents>
            <object_component_ref idref="oc-9d"/>
         </contents>
      </logical_group>
      <logical_group id="lg-12" display="no" color="cyan">
         <name>EmuKeyVar</name>
         <run_address>0xd00</run_address>
         <size>0x1</size>
         <contents>
            <object_component_ref idref="oc-6f"/>
         </contents>
      </logical_group>
      <logical_group id="lg-13" display="no" color="cyan">
         <name>EmuBModeVar</name>
         <run_address>0xd01</run_address>
         <size>0x1</size>
         <contents>
            <object_component_ref idref="oc-70"/>
         </contents>
      </logical_group>
      <logical_group id="lg-14" display="no" color="cyan">
         <name>FlashCallbackVar</name>
         <run_address>0xd02</run_address>
         <size>0x2</size>
         <contents>
            <object_component_ref idref="oc-72"/>
         </contents>
      </logical_group>
      <logical_group id="lg-15" display="no" color="cyan">
         <name>FlashScalingVar</name>
         <run_address>0xd04</run_address>
         <size>0x2</size>
         <contents>
            <object_component_ref idref="oc-71"/>
         </contents>
      </logical_group>
      <logical_group id="lg-11" display="no" color="cyan">
         <name>GROUP_2</name>
         <run_address>0xd00</run_address>
         <size>0x6</size>
         <contents>
            <logical_group_ref idref="lg-12"/>
            <logical_group_ref idref="lg-13"/>
            <logical_group_ref idref="lg-14"/>
            <logical_group_ref idref="lg-15"/>
         </contents>
      </logical_group>
      <overlay id="lg-f" display="no" color="cyan">
         <name>UNION_1</name>
         <run_address>0xd00</run_address>
         <size>0x100</size>
         <contents>
            <logical_group_ref idref="lg-10"/>
            <logical_group_ref idref="lg-11"/>
         </contents>
      </overlay>
      <logical_group id="lg-16" display="no" color="cyan">
         <name>DevEmuRegsFile</name>
         <run_address>0x880</run_address>
         <size>0x4</size>
         <contents>
            <object_component_ref idref="oc-74"/>
         </contents>
      </logical_group>
      <logical_group id="lg-17" display="no" color="cyan">
         <name>SysPwrCtrlRegsFile</name>
         <run_address>0x985</run_address>
         <size>0x3</size>
         <contents>
            <object_component_ref idref="oc-73"/>
         </contents>
      </logical_group>
      <logical_group id="lg-18" display="no" color="cyan">
         <name>FlashRegsFile</name>
         <run_address>0xa80</run_address>
         <size>0x8</size>
         <contents>
            <object_component_ref idref="oc-79"/>
         </contents>
      </logical_group>
      <logical_group id="lg-19" display="no" color="cyan">
         <name>CsmRegsFile</name>
         <run_address>0xae0</run_address>
         <size>0x10</size>
         <contents>
            <object_component_ref idref="oc-7b"/>
         </contents>
      </logical_group>
      <logical_group id="lg-1a" display="no" color="cyan">
         <name>AdcResultFile</name>
         <run_address>0xb00</run_address>
         <size>0x20</size>
         <contents>
            <object_component_ref idref="oc-85"/>
         </contents>
      </logical_group>
      <logical_group id="lg-1b" display="no" color="cyan">
         <name>CpuTimer0RegsFile</name>
         <run_address>0xc00</run_address>
         <size>0x8</size>
         <contents>
            <object_component_ref idref="oc-75"/>
         </contents>
      </logical_group>
      <logical_group id="lg-1c" display="no" color="cyan">
         <name>CpuTimer1RegsFile</name>
         <run_address>0xc08</run_address>
         <size>0x8</size>
         <contents>
            <object_component_ref idref="oc-76"/>
         </contents>
      </logical_group>
      <logical_group id="lg-1d" display="no" color="cyan">
         <name>CpuTimer2RegsFile</name>
         <run_address>0xc10</run_address>
         <size>0x8</size>
         <contents>
            <object_component_ref idref="oc-77"/>
         </contents>
      </logical_group>
      <logical_group id="lg-1e" display="no" color="cyan">
         <name>PieCtrlRegsFile</name>
         <run_address>0xce0</run_address>
         <size>0x1a</size>
         <contents>
            <object_component_ref idref="oc-84"/>
         </contents>
      </logical_group>
      <logical_group id="lg-1f" display="no" color="cyan">
         <name>Cla1RegsFile</name>
         <run_address>0x1400</run_address>
         <size>0x40</size>
         <contents>
            <object_component_ref idref="oc-90"/>
         </contents>
      </logical_group>
      <logical_group id="lg-20" display="no" color="cyan">
         <name>ECanaRegsFile</name>
         <run_address>0x6000</run_address>
         <size>0x34</size>
         <contents>
            <object_component_ref idref="oc-8c"/>
         </contents>
      </logical_group>
      <logical_group id="lg-21" display="no" color="cyan">
         <name>ECanaLAMRegsFile</name>
         <run_address>0x6040</run_address>
         <size>0x40</size>
         <contents>
            <object_component_ref idref="oc-8d"/>
         </contents>
      </logical_group>
      <logical_group id="lg-22" display="no" color="cyan">
         <name>ECanaMboxesFile</name>
         <run_address>0x6100</run_address>
         <size>0x100</size>
         <contents>
            <object_component_ref idref="oc-9c"/>
         </contents>
      </logical_group>
      <logical_group id="lg-23" display="no" color="cyan">
         <name>ECanaMOTSRegsFile</name>
         <run_address>0x6080</run_address>
         <size>0x40</size>
         <contents>
            <object_component_ref idref="oc-8e"/>
         </contents>
      </logical_group>
      <logical_group id="lg-24" display="no" color="cyan">
         <name>ECanaMOTORegsFile</name>
         <run_address>0x60c0</run_address>
         <size>0x40</size>
         <contents>
            <object_component_ref idref="oc-8f"/>
         </contents>
      </logical_group>
      <logical_group id="lg-25" display="no" color="cyan">
         <name>ECap1RegsFile</name>
         <run_address>0x6a00</run_address>
         <size>0x20</size>
         <contents>
            <object_component_ref idref="oc-86"/>
         </contents>
      </logical_group>
      <logical_group id="lg-26" display="no" color="cyan">
         <name>HRCap1RegsFile</name>
         <run_address>0x6ac0</run_address>
         <size>0x20</size>
         <contents>
            <object_component_ref idref="oc-88"/>
         </contents>
      </logical_group>
      <logical_group id="lg-27" display="no" color="cyan">
         <name>HRCap2RegsFile</name>
         <run_address>0x6ae0</run_address>
         <size>0x20</size>
         <contents>
            <object_component_ref idref="oc-89"/>
         </contents>
      </logical_group>
      <logical_group id="lg-28" display="no" color="cyan">
         <name>EQep1RegsFile</name>
         <run_address>0x6b00</run_address>
         <size>0x40</size>
         <contents>
            <object_component_ref idref="oc-98"/>
         </contents>
      </logical_group>
      <logical_group id="lg-29" display="no" color="cyan">
         <name>LinaRegsFile</name>
         <run_address>0x6c00</run_address>
         <size>0x4a</size>
         <contents>
            <object_component_ref idref="oc-9a"/>
         </contents>
      </logical_group>
      <logical_group id="lg-2a" display="no" color="cyan">
         <name>GpioCtrlRegsFile</name>
         <run_address>0x6f80</run_address>
         <size>0x40</size>
         <contents>
            <object_component_ref idref="oc-99"/>
         </contents>
      </logical_group>
      <logical_group id="lg-2b" display="no" color="cyan">
         <name>GpioDataRegsFile</name>
         <run_address>0x6fc0</run_address>
         <size>0x20</size>
         <contents>
            <object_component_ref idref="oc-87"/>
         </contents>
      </logical_group>
      <logical_group id="lg-2c" display="no" color="cyan">
         <name>GpioIntRegsFile</name>
         <run_address>0x6fe0</run_address>
         <size>0xc</size>
         <contents>
            <object_component_ref idref="oc-7a"/>
         </contents>
      </logical_group>
      <logical_group id="lg-2d" display="no" color="cyan">
         <name>SysCtrlRegsFile</name>
         <run_address>0x7010</run_address>
         <size>0x20</size>
         <contents>
            <object_component_ref idref="oc-8a"/>
         </contents>
      </logical_group>
      <logical_group id="lg-2e" display="no" color="cyan">
         <name>SpiaRegsFile</name>
         <run_address>0x7040</run_address>
         <size>0x10</size>
         <contents>
            <object_component_ref idref="oc-7e"/>
         </contents>
      </logical_group>
      <logical_group id="lg-2f" display="no" color="cyan">
         <name>SpibRegsFile</name>
         <run_address>0x7740</run_address>
         <size>0x10</size>
         <contents>
            <object_component_ref idref="oc-7f"/>
         </contents>
      </logical_group>
      <logical_group id="lg-30" display="no" color="cyan">
         <name>SciaRegsFile</name>
         <run_address>0x7050</run_address>
         <size>0x10</size>
         <contents>
            <object_component_ref idref="oc-7d"/>
         </contents>
      </logical_group>
      <logical_group id="lg-31" display="no" color="cyan">
         <name>NmiIntruptRegsFile</name>
         <run_address>0x7060</run_address>
         <size>0x10</size>
         <contents>
            <object_component_ref idref="oc-7c"/>
         </contents>
      </logical_group>
      <logical_group id="lg-32" display="no" color="cyan">
         <name>XIntruptRegsFile</name>
         <run_address>0x7070</run_address>
         <size>0x10</size>
         <contents>
            <object_component_ref idref="oc-80"/>
         </contents>
      </logical_group>
      <logical_group id="lg-33" display="no" color="cyan">
         <name>AdcRegsFile</name>
         <run_address>0x7100</run_address>
         <size>0x50</size>
         <contents>
            <object_component_ref idref="oc-9b"/>
         </contents>
      </logical_group>
      <logical_group id="lg-34" display="no" color="cyan">
         <name>I2caRegsFile</name>
         <run_address>0x7900</run_address>
         <size>0x22</size>
         <contents>
            <object_component_ref idref="oc-8b"/>
         </contents>
      </logical_group>
      <logical_group id="lg-35" display="no" color="cyan">
         <name>Comp1RegsFile</name>
         <run_address>0x6400</run_address>
         <size>0x14</size>
         <contents>
            <object_component_ref idref="oc-81"/>
         </contents>
      </logical_group>
      <logical_group id="lg-36" display="no" color="cyan">
         <name>Comp2RegsFile</name>
         <run_address>0x6420</run_address>
         <size>0x14</size>
         <contents>
            <object_component_ref idref="oc-82"/>
         </contents>
      </logical_group>
      <logical_group id="lg-37" display="no" color="cyan">
         <name>Comp3RegsFile</name>
         <run_address>0x6440</run_address>
         <size>0x14</size>
         <contents>
            <object_component_ref idref="oc-83"/>
         </contents>
      </logical_group>
      <logical_group id="lg-38" display="no" color="cyan">
         <name>EPwm1RegsFile</name>
         <run_address>0x6800</run_address>
         <size>0x40</size>
         <contents>
            <object_component_ref idref="oc-91"/>
         </contents>
      </logical_group>
      <logical_group id="lg-39" display="no" color="cyan">
         <name>EPwm2RegsFile</name>
         <run_address>0x6840</run_address>
         <size>0x40</size>
         <contents>
            <object_component_ref idref="oc-92"/>
         </contents>
      </logical_group>
      <logical_group id="lg-3a" display="no" color="cyan">
         <name>EPwm3RegsFile</name>
         <run_address>0x6880</run_address>
         <size>0x40</size>
         <contents>
            <object_component_ref idref="oc-93"/>
         </contents>
      </logical_group>
      <logical_group id="lg-3b" display="no" color="cyan">
         <name>EPwm4RegsFile</name>
         <run_address>0x68c0</run_address>
         <size>0x40</size>
         <contents>
            <object_component_ref idref="oc-94"/>
         </contents>
      </logical_group>
      <logical_group id="lg-3c" display="no" color="cyan">
         <name>EPwm5RegsFile</name>
         <run_address>0x6900</run_address>
         <size>0x40</size>
         <contents>
            <object_component_ref idref="oc-95"/>
         </contents>
      </logical_group>
      <logical_group id="lg-3d" display="no" color="cyan">
         <name>EPwm6RegsFile</name>
         <run_address>0x6940</run_address>
         <size>0x40</size>
         <contents>
            <object_component_ref idref="oc-96"/>
         </contents>
      </logical_group>
      <logical_group id="lg-3e" display="no" color="cyan">
         <name>EPwm7RegsFile</name>
         <run_address>0x6980</run_address>
         <size>0x40</size>
         <contents>
            <object_component_ref idref="oc-97"/>
         </contents>
      </logical_group>
      <logical_group id="lg-3f" display="no" color="cyan">
         <name>CsmPwlFile</name>
         <run_address>0x3f7ff8</run_address>
         <size>0x8</size>
         <contents>
            <object_component_ref idref="oc-78"/>
         </contents>
      </logical_group>
      <logical_group id="lg-40" display="no" color="cyan">
         <name>PartIdRegsFile</name>
         <run_address>0x3d7e80</run_address>
         <size>0x1</size>
         <contents>
            <object_component_ref idref="oc-6e"/>
         </contents>
      </logical_group>
      <logical_group id="lg-145" display="never" color="cyan">
         <name>.debug_info</name>
         <load_address>0x0</load_address>
         <run_address>0x0</run_address>
         <size>0x2d8c7</size>
         <contents>
            <object_component_ref idref="oc-43"/>
            <object_component_ref idref="oc-48"/>
            <object_component_ref idref="oc-4d"/>
            <object_component_ref idref="oc-54"/>
            <object_component_ref idref="oc-57"/>
            <object_component_ref idref="oc-5d"/>
            <object_component_ref idref="oc-63"/>
            <object_component_ref idref="oc-68"/>
            <object_component_ref idref="oc-6d"/>
            <object_component_ref idref="oc-9f"/>
            <object_component_ref idref="oc-a4"/>
            <object_component_ref idref="oc-a9"/>
            <object_component_ref idref="oc-ae"/>
            <object_component_ref idref="oc-b3"/>
            <object_component_ref idref="oc-b8"/>
            <object_component_ref idref="oc-bf"/>
            <object_component_ref idref="oc-c5"/>
            <object_component_ref idref="oc-ca"/>
            <object_component_ref idref="oc-cf"/>
            <object_component_ref idref="oc-d3"/>
            <object_component_ref idref="oc-d8"/>
            <object_component_ref idref="oc-dd"/>
            <object_component_ref idref="oc-e2"/>
            <object_component_ref idref="oc-e7"/>
            <object_component_ref idref="oc-ee"/>
            <object_component_ref idref="oc-f3"/>
            <object_component_ref idref="oc-154"/>
         </contents>
      </logical_group>
      <logical_group id="lg-147" display="never" color="cyan">
         <name>.debug_frame</name>
         <load_address>0x0</load_address>
         <run_address>0x0</run_address>
         <size>0xc14</size>
         <contents>
            <object_component_ref idref="oc-44"/>
            <object_component_ref idref="oc-49"/>
            <object_component_ref idref="oc-4e"/>
            <object_component_ref idref="oc-59"/>
            <object_component_ref idref="oc-5f"/>
            <object_component_ref idref="oc-64"/>
            <object_component_ref idref="oc-69"/>
            <object_component_ref idref="oc-a0"/>
            <object_component_ref idref="oc-a5"/>
            <object_component_ref idref="oc-aa"/>
            <object_component_ref idref="oc-af"/>
            <object_component_ref idref="oc-b4"/>
            <object_component_ref idref="oc-b9"/>
            <object_component_ref idref="oc-d4"/>
            <object_component_ref idref="oc-d9"/>
            <object_component_ref idref="oc-de"/>
            <object_component_ref idref="oc-e3"/>
            <object_component_ref idref="oc-ea"/>
            <object_component_ref idref="oc-ef"/>
            <object_component_ref idref="oc-f4"/>
         </contents>
      </logical_group>
      <logical_group id="lg-149" display="never" color="cyan">
         <name>.debug_line</name>
         <load_address>0x0</load_address>
         <run_address>0x0</run_address>
         <size>0x1026</size>
         <contents>
            <object_component_ref idref="oc-45"/>
            <object_component_ref idref="oc-4a"/>
            <object_component_ref idref="oc-4f"/>
            <object_component_ref idref="oc-53"/>
            <object_component_ref idref="oc-5a"/>
            <object_component_ref idref="oc-60"/>
            <object_component_ref idref="oc-65"/>
            <object_component_ref idref="oc-6a"/>
            <object_component_ref idref="oc-a1"/>
            <object_component_ref idref="oc-a6"/>
            <object_component_ref idref="oc-ab"/>
            <object_component_ref idref="oc-b0"/>
            <object_component_ref idref="oc-b5"/>
            <object_component_ref idref="oc-ba"/>
            <object_component_ref idref="oc-be"/>
            <object_component_ref idref="oc-c6"/>
            <object_component_ref idref="oc-cb"/>
            <object_component_ref idref="oc-d0"/>
            <object_component_ref idref="oc-d5"/>
            <object_component_ref idref="oc-da"/>
            <object_component_ref idref="oc-df"/>
            <object_component_ref idref="oc-e4"/>
            <object_component_ref idref="oc-eb"/>
            <object_component_ref idref="oc-f0"/>
            <object_component_ref idref="oc-f5"/>
         </contents>
      </logical_group>
      <logical_group id="lg-14b" display="never" color="cyan">
         <name>.debug_abbrev</name>
         <load_address>0x0</load_address>
         <run_address>0x0</run_address>
         <size>0x1392</size>
         <contents>
            <object_component_ref idref="oc-46"/>
            <object_component_ref idref="oc-4b"/>
            <object_component_ref idref="oc-50"/>
            <object_component_ref idref="oc-55"/>
[...]
      <symbol id="sm-168">
         <name>_TINT0_ISR</name>
         <value>0x8078</value>
         <object_component_ref idref="oc-5e"/>
      </symbol>
      <symbol id="sm-16a">
         <name>_WAKEINT_ISR</name>
         <value>0x807d</value>
         <object_component_ref idref="oc-5e"/>
      </symbol>
      <symbol id="sm-16c">
         <name>_ADCINT7_ISR</name>
         <value>0x812c</value>
         <object_component_ref idref="oc-5e"/>
      </symbol>
      <symbol id="sm-16e">
         <name>_ADCINT9_ISR</name>
         <value>0x8073</value>
         <object_component_ref idref="oc-5e"/>
      </symbol>
      <symbol id="sm-170">
         <name>_USER10_ISR</name>
         <value>0x8050</value>
         <object_component_ref idref="oc-5e"/>
      </symbol>
      <symbol id="sm-172">
         <name>_USER7_ISR</name>
         <value>0x8041</value>
         <object_component_ref idref="oc-5e"/>
      </symbol>
      <symbol id="sm-174">
         <name>_XINT1_ISR</name>
         <value>0x8069</value>
         <object_component_ref idref="oc-5e"/>
      </symbol>
      <symbol id="sm-176">
         <name>_INT14_ISR</name>
         <value>0x8005</value>
         <object_component_ref idref="oc-5e"/>
      </symbol>
      <symbol id="sm-178">
         <name>_EPWM7_INT_ISR</name>
         <value>0x80c3</value>
         <object_component_ref idref="oc-5e"/>
      </symbol>
      <symbol id="sm-17a">
         <name>_USER6_ISR</name>
         <value>0x803c</value>
         <object_component_ref idref="oc-5e"/>
      </symbol>
      <symbol id="sm-17c">
         <name>_CLA1_INT1_ISR</name>
         <value>0x8136</value>
         <object_component_ref idref="oc-5e"/>
      </symbol>
      <symbol id="sm-17e">
         <name>_ADCINT1_ISR</name>
         <value>0x805f</value>
         <object_component_ref idref="oc-5e"/>
      </symbol>
      <symbol id="sm-180">
         <name>_LIN0INTA_ISR</name>
         <value>0x8104</value>
         <object_component_ref idref="oc-5e"/>
      </symbol>
      <symbol id="sm-182">
         <name>_USER12_ISR</name>
         <value>0x805a</value>
         <object_component_ref idref="oc-5e"/>
      </symbol>
      <symbol id="sm-184">
         <name>_USER1_ISR</name>
         <value>0x8023</value>
         <object_component_ref idref="oc-5e"/>
      </symbol>
      <symbol id="sm-186">
         <name>_XINT3_ISR</name>
         <value>0x815e</value>
         <object_component_ref idref="oc-5e"/>
      </symbol>
      <symbol id="sm-188">
         <name>_CLA1_INT6_ISR</name>
         <value>0x814f</value>
         <object_component_ref idref="oc-5e"/>
      </symbol>
      <symbol id="sm-18a">
         <name>_EPWM5_INT_ISR</name>
         <value>0x80b9</value>
         <object_component_ref idref="oc-5e"/>
      </symbol>
      <symbol id="sm-18c">
         <name>_NMI_ISR</name>
         <value>0x8019</value>
         <object_component_ref idref="oc-5e"/>
      </symbol>
      <symbol id="sm-18e">
         <name>_ECAN1INTA_ISR</name>
         <value>0x8113</value>
         <object_component_ref idref="oc-5e"/>
      </symbol>
      <symbol id="sm-190">
         <name>_ADCINT2_ISR</name>
         <value>0x8064</value>
         <object_component_ref idref="oc-5e"/>
      </symbol>
      <symbol id="sm-192">
         <name>_PIE_RESERVED</name>
         <value>0x8172</value>
         <object_component_ref idref="oc-5e"/>
      </symbol>
      <symbol id="sm-194">
         <name>_I2CINT1A_ISR</name>
         <value>0x80f0</value>
         <object_component_ref idref="oc-5e"/>
      </symbol>
      <symbol id="sm-196">
         <name>_XINT2_ISR</name>
         <value>0x806e</value>
         <object_component_ref idref="oc-5e"/>
      </symbol>
      <symbol id="sm-198">
         <name>_CLA1_INT7_ISR</name>
         <value>0x8154</value>
         <object_component_ref idref="oc-5e"/>
      </symbol>
      <symbol id="sm-19a">
         <name>_I2CINT2A_ISR</name>
         <value>0x80f5</value>
         <object_component_ref idref="oc-5e"/>
      </symbol>
      <symbol id="sm-19c">
         <name>_RTOSINT_ISR</name>
         <value>0x800f</value>
         <object_component_ref idref="oc-5e"/>
      </symbol>
      <symbol id="sm-19e">
         <name>_EPWM3_INT_ISR</name>
         <value>0x80af</value>
         <object_component_ref idref="oc-5e"/>
      </symbol>
      <symbol id="sm-1a0">
         <name>_ADCINT3_ISR</name>
         <value>0x8118</value>
         <object_component_ref idref="oc-5e"/>
      </symbol>
      <symbol id="sm-1a2">
         <name>_SPITXINTB_ISR</name>
         <value>0x80eb</value>
         <object_component_ref idref="oc-5e"/>
      </symbol>
      <symbol id="sm-1a4">
         <name>_SPIRXINTB_ISR</name>
         <value>0x80e6</value>
         <object_component_ref idref="oc-5e"/>
      </symbol>
      <symbol id="sm-1a6">
         <name>_USER9_ISR</name>
         <value>0x804b</value>
         <object_component_ref idref="oc-5e"/>
      </symbol>
      <symbol id="sm-1a8">
         <name>_USER3_ISR</name>
         <value>0x802d</value>
         <object_component_ref idref="oc-5e"/>
      </symbol>
      <symbol id="sm-1aa">
         <name>_CLA1_INT4_ISR</name>
         <value>0x8145</value>
         <object_component_ref idref="oc-5e"/>
      </symbol>
      <symbol id="sm-1ac">
         <name>_EQEP1_INT_ISR</name>
         <value>0x80d7</value>
         <object_component_ref idref="oc-5e"/>
      </symbol>
      <symbol id="sm-1ae">
         <name>_USER8_ISR</name>
         <value>0x8046</value>
         <object_component_ref idref="oc-5e"/>
      </symbol>
      <symbol id="sm-1b0">
         <name>_EPWM1_INT_ISR</name>
         <value>0x80a5</value>
         <object_component_ref idref="oc-5e"/>
      </symbol>
      <symbol id="sm-1b2">
         <name>_USER2_ISR</name>
         <value>0x8028</value>
         <object_component_ref idref="oc-5e"/>
      </symbol>
      <symbol id="sm-1b4">
         <name>_CLA1_INT5_ISR</name>
         <value>0x814a</value>
         <object_component_ref idref="oc-5e"/>
      </symbol>
      <symbol id="sm-1b6">
         <name>_LUF_ISR</name>
         <value>0x8168</value>
         <object_component_ref idref="oc-5e"/>
      </symbol>
      <symbol id="sm-1b8">
         <name>_LVF_ISR</name>
         <value>0x8163</value>
         <object_component_ref idref="oc-5e"/>
      </symbol>
      <symbol id="sm-1ba">
         <name>_SCITXINTA_ISR</name>
         <value>0x80ff</value>
         <object_component_ref idref="oc-5e"/>
      </symbol>
      <symbol id="sm-1bc">
         <name>_SCIRXINTA_ISR</name>
         <value>0x80fa</value>
         <object_component_ref idref="oc-5e"/>
      </symbol>
      <symbol id="sm-1be">
         <name>_rsvd_ISR</name>
         <value>0x8177</value>
         <object_component_ref idref="oc-5e"/>
      </symbol>
      <symbol id="sm-1c0">
         <name>_HRCAP1_INT_ISR</name>
         <value>0x80cd</value>
         <object_component_ref idref="oc-5e"/>
      </symbol>
      <symbol id="sm-239">
         <name>_GpioCtrlRegs</name>
         <value>0x6f80</value>
         <object_component_ref idref="oc-99"/>
      </symbol>
      <symbol id="sm-23a">
         <name>_PieVectTable</name>
         <value>0xd00</value>
         <object_component_ref idref="oc-9d"/>
      </symbol>
      <symbol id="sm-23b">
         <name>_SysPwrCtrlRegs</name>
         <value>0x985</value>
         <object_component_ref idref="oc-73"/>
      </symbol>
      <symbol id="sm-23c">
         <name>_EmuBMode</name>
         <value>0xd01</value>
         <object_component_ref idref="oc-70"/>
      </symbol>
      <symbol id="sm-23d">
         <name>_CsmRegs</name>
         <value>0xae0</value>
         <object_component_ref idref="oc-7b"/>
      </symbol>
      <symbol id="sm-23e">
         <name>_ECanaLAMRegs</name>
         <value>0x6040</value>
         <object_component_ref idref="oc-8d"/>
      </symbol>
      <symbol id="sm-23f">
         <name>_AdcResult</name>
         <value>0xb00</value>
         <object_component_ref idref="oc-85"/>
      </symbol>
      <symbol id="sm-240">
         <name>_EPwm4Regs</name>
         <value>0x68c0</value>
         <object_component_ref idref="oc-94"/>
      </symbol>
      <symbol id="sm-241">
         <name>_CpuTimer1Regs</name>
         <value>0xc08</value>
         <object_component_ref idref="oc-76"/>
      </symbol>
      <symbol id="sm-242">
         <name>_SysCtrlRegs</name>
         <value>0x7010</value>
         <object_component_ref idref="oc-8a"/>
      </symbol>
      <symbol id="sm-243">
         <name>_EPwm5Regs</name>
         <value>0x6900</value>
         <object_component_ref idref="oc-95"/>
      </symbol>
      <symbol id="sm-244">
         <name>_SpiaRegs</name>
         <value>0x7040</value>
         <object_component_ref idref="oc-7e"/>
      </symbol>
      <symbol id="sm-245">
         <name>_ECanaMOTSRegs</name>
         <value>0x6080</value>
         <object_component_ref idref="oc-8e"/>
      </symbol>
      <symbol id="sm-246">
         <name>_FlashRegs</name>
         <value>0xa80</value>
         <object_component_ref idref="oc-79"/>
      </symbol>
      <symbol id="sm-247">
         <name>_CpuTimer0Regs</name>
         <value>0xc00</value>
         <object_component_ref idref="oc-75"/>
      </symbol>
      <symbol id="sm-248">
         <name>_DevEmuRegs</name>
         <value>0x880</value>
         <object_component_ref idref="oc-74"/>
      </symbol>
      <symbol id="sm-249">
         <name>_EPwm6Regs</name>
         <value>0x6940</value>
         <object_component_ref idref="oc-96"/>
      </symbol>
      <symbol id="sm-24a">
         <name>_Comp1Regs</name>
         <value>0x6400</value>
         <object_component_ref idref="oc-81"/>
      </symbol>
      <symbol id="sm-24b">
         <name>_SciaRegs</name>
         <value>0x7050</value>
         <object_component_ref idref="oc-7d"/>
      </symbol>
      <symbol id="sm-24c">
         <name>_GpioDataRegs</name>
         <value>0x6fc0</value>
         <object_component_ref idref="oc-87"/>
      </symbol>
      <symbol id="sm-24d">
         <name>_CsmPwl</name>
         <value>0x3f7ff8</value>
         <object_component_ref idref="oc-78"/>
      </symbol>
      <symbol id="sm-24e">
         <name>_AdcRegs</name>
         <value>0x7100</value>
         <object_component_ref idref="oc-9b"/>
      </symbol>
      <symbol id="sm-24f">
         <name>_EPwm7Regs</name>
         <value>0x6980</value>
         <object_component_ref idref="oc-97"/>
      </symbol>
      <symbol id="sm-250">
         <name>_Comp2Regs</name>
         <value>0x6420</value>
         <object_component_ref idref="oc-82"/>
      </symbol>
      <symbol id="sm-251">
         <name>_XIntruptRegs</name>
         <value>0x7070</value>
         <object_component_ref idref="oc-80"/>
      </symbol>
      <symbol id="sm-252">
         <name>_CpuTimer2Regs</name>
         <value>0xc10</value>
         <object_component_ref idref="oc-77"/>
      </symbol>
      <symbol id="sm-253">
         <name>_HRCap1Regs</name>
         <value>0x6ac0</value>
         <object_component_ref idref="oc-88"/>
      </symbol>
      <symbol id="sm-254">
         <name>_PieCtrlRegs</name>
         <value>0xce0</value>
         <object_component_ref idref="oc-84"/>
      </symbol>
      <symbol id="sm-255">
         <name>_SpibRegs</name>
         <value>0x7740</value>
         <object_component_ref idref="oc-7f"/>
      </symbol>
      <symbol id="sm-256">
         <name>_ECanaRegs</name>
         <value>0x6000</value>
         <object_component_ref idref="oc-8c"/>
      </symbol>
      <symbol id="sm-257">
         <name>_Comp3Regs</name>
         <value>0x6440</value>
         <object_component_ref idref="oc-83"/>
      </symbol>
      <symbol id="sm-258">
         <name>_ECap1Regs</name>
         <value>0x6a00</value>
         <object_component_ref idref="oc-86"/>
      </symbol>
      <symbol id="sm-259">
         <name>_EmuKey</name>
         <value>0xd00</value>
         <object_component_ref idref="oc-6f"/>
      </symbol>
      <symbol id="sm-25a">
         <name>_LinaRegs</name>
         <value>0x6c00</value>
         <object_component_ref idref="oc-9a"/>
      </symbol>
      <symbol id="sm-25b">
         <name>_Cla1Regs</name>
         <value>0x1400</value>
         <object_component_ref idref="oc-90"/>
      </symbol>
      <symbol id="sm-25c">
         <name>_EQep1Regs</name>
         <value>0x6b00</value>
         <object_component_ref idref="oc-98"/>
      </symbol>
      <symbol id="sm-25d">
         <name>_EPwm1Regs</name>
         <value>0x6800</value>
         <object_component_ref idref="oc-91"/>
      </symbol>
      <symbol id="sm-25e">
         <name>_GpioIntRegs</name>
         <value>0x6fe0</value>
         <object_component_ref idref="oc-7a"/>
      </symbol>
      <symbol id="sm-25f">
         <name>_PartIdRegs</name>
         <value>0x3d7e80</value>
         <object_component_ref idref="oc-6e"/>
      </symbol>
      <symbol id="sm-260">
         <name>_Flash_CPUScaleFactor</name>
         <value>0xd04</value>
         <object_component_ref idref="oc-71"/>
      </symbol>
      <symbol id="sm-261">
         <name>_EPwm2Regs</name>
         <value>0x6840</value>
         <object_component_ref idref="oc-92"/>
      </symbol>
      <symbol id="sm-262">
         <name>_ECanaMboxes</name>
         <value>0x6100</value>
         <object_component_ref idref="oc-9c"/>
      </symbol>
      <symbol id="sm-263">
         <name>_HRCap2Regs</name>
         <value>0x6ae0</value>
         <object_component_ref idref="oc-89"/>
      </symbol>
      <symbol id="sm-264">
         <name>_NmiIntruptRegs</name>
         <value>0x7060</value>
         <object_component_ref idref="oc-7c"/>
      </symbol>
      <symbol id="sm-265">
         <name>_ECanaMOTORegs</name>
         <value>0x60c0</value>
         <object_component_ref idref="oc-8f"/>
      </symbol>
      <symbol id="sm-266">
         <name>_Flash_CallbackPtr</name>
         <value>0xd02</value>
         <object_component_ref idref="oc-72"/>
      </symbol>
      <symbol id="sm-267">
         <name>_EPwm3Regs</name>
         <value>0x6880</value>
         <object_component_ref idref="oc-93"/>
      </symbol>
      <symbol id="sm-268">
         <name>_I2caRegs</name>
         <value>0x7900</value>
         <object_component_ref idref="oc-8b"/>
      </symbol>
      <symbol id="sm-286">
         <name>_InitPieCtrl</name>
         <value>0x83c4</value>
         <object_component_ref idref="oc-102"/>
      </symbol>
      <symbol id="sm-288">
         <name>_EnableInterrupts</name>
         <value>0x83e3</value>
         <object_component_ref idref="oc-102"/>
      </symbol>
      <symbol id="sm-299">
         <name>_PieVectTableInit</name>
         <value>0x8c00</value>
         <object_component_ref idref="oc-106"/>
      </symbol>
      <symbol id="sm-29a">
         <name>_InitPieVectTable</name>
         <value>0x83ec</value>
         <object_component_ref idref="oc-103"/>
      </symbol>
      <symbol id="sm-2b9">
         <name>_InitPll</name>
         <value>0x81a8</value>
         <object_component_ref idref="oc-101"/>
      </symbol>
      <symbol id="sm-2bb">
         <name>_IntOsc1Sel</name>
         <value>0x8269</value>
         <object_component_ref idref="oc-101"/>
      </symbol>
      <symbol id="sm-2bd">
         <name>_ExtOscSel</name>
         <value>0x82ae</value>
         <object_component_ref idref="oc-101"/>
      </symbol>
      <symbol id="sm-2bf">
         <name>_DisableDog</name>
         <value>0x81a0</value>
         <object_component_ref idref="oc-101"/>
      </symbol>
      <symbol id="sm-2c1">
         <name>_InitPeripheralClocks</name>
         <value>0x81fc</value>
         <object_component_ref idref="oc-101"/>
      </symbol>
      <symbol id="sm-2c3">
         <name>_IntOsc2Sel</name>
         <value>0x8279</value>
         <object_component_ref idref="oc-101"/>
      </symbol>
      <symbol id="sm-2c5">
         <name>_CsmUnlock</name>
         <value>0x8238</value>
         <object_component_ref idref="oc-101"/>
      </symbol>
      <symbol id="sm-2c7">
         <name>_ServiceDog</name>
         <value>0x8196</value>
         <object_component_ref idref="oc-101"/>
      </symbol>
      <symbol id="sm-2c9">
         <name>_XtalOscSel</name>
         <value>0x8293</value>
         <object_component_ref idref="oc-101"/>
      </symbol>
      <symbol id="sm-2cb">
         <name>_InitSysCtrl</name>
         <value>0x817c</value>
         <object_component_ref idref="oc-101"/>
      </symbol>
      <symbol id="sm-2d8">
         <name>_DSP28x_usDelay</name>
         <value>0x6a</value>
         <object_component_ref idref="oc-bd"/>
      </symbol>
      <symbol id="sm-2f3">
         <name>_c_int00</name>
         <value>0x831e</value>
         <object_component_ref idref="oc-c2"/>
      </symbol>
      <symbol id="sm-2f4">
         <name>__stack</name>
         <value>0x480</value>
         <object_component_ref idref="oc-c3"/>
      </symbol>
      <symbol id="sm-305">
         <name>FS$$MPY</name>
         <value>0x82c4</value>
         <object_component_ref idref="oc-c9"/>
      </symbol>
      <symbol id="sm-318">
         <name>FS$$TOL</name>
         <value>0x839b</value>
         <object_component_ref idref="oc-ce"/>
      </symbol>
      <symbol id="sm-327">
         <name>_copy_in</name>
         <value>0x8412</value>
         <object_component_ref idref="oc-f9"/>
      </symbol>
      <symbol id="sm-339">
         <name>_memcpy</name>
         <value>0x8436</value>
         <object_component_ref idref="oc-fd"/>
      </symbol>
      <symbol id="sm-346">
         <name>__system_pre_init</name>
         <value>0x8482</value>
         <object_component_ref idref="oc-f8"/>
      </symbol>
      <symbol id="sm-354">
         <name>__system_post_cinit</name>
         <value>0x8484</value>
         <object_component_ref idref="oc-fa"/>
      </symbol>
      <symbol id="sm-369">
         <name>C$$EXIT</name>
         <value>0x8372</value>
         <object_component_ref idref="oc-fc"/>
      </symbol>
      <symbol id="sm-36a">
         <name>_exit</name>
         <value>0x8374</value>
         <object_component_ref idref="oc-fc"/>
      </symbol>
      <symbol id="sm-36c">
         <name>___TI_cleanup_ptr</name>
         <value>0x8d1a</value>
         <object_component_ref idref="oc-e9"/>
      </symbol>
      <symbol id="sm-36d">
         <name>___TI_enable_exit_profile_output</name>
         <value>0x8d18</value>
         <object_component_ref idref="oc-e9"/>
      </symbol>
      <symbol id="sm-36e">
         <name>_abort</name>
         <value>0x8372</value>
         <object_component_ref idref="oc-fc"/>
      </symbol>
      <symbol id="sm-370">
         <name>___TI_dtors_ptr</name>
         <value>0x8d1c</value>
         <object_component_ref idref="oc-e9"/>
      </symbol>
      <symbol id="sm-384">
         <name>__unlock</name>
         <value>0x8d20</value>
         <object_component_ref idref="oc-107"/>
      </symbol>
      <symbol id="sm-385">
         <name>__lock</name>
         <value>0x8d1e</value>
         <object_component_ref idref="oc-ff"/>
      </symbol>
      <symbol id="sm-386">
         <name>__register_lock</name>
         <value>0x8475</value>
         <object_component_ref idref="oc-104"/>
      </symbol>
      <symbol id="sm-388">
         <name>__nop</name>
         <value>0x8479</value>
         <object_component_ref idref="oc-104"/>
      </symbol>
      <symbol id="sm-38a">
         <name>__register_unlock</name>
         <value>0x8471</value>
         <object_component_ref idref="oc-104"/>
      </symbol>
      <symbol id="sm-39a">
         <name>__args_main</name>
         <value>0x8453</value>
         <object_component_ref idref="oc-fb"/>
      </symbol>
   </symbol_table>
   <title>Link successful</title>
</link_info>
